Component: ARM Compiler 5.06 update 3 (build 300) Tool: armlink [4d35c9]

==============================================================================

Section Cross References

    startup_stm32f429xx.o(RESET) refers to startup_stm32f429xx.o(STACK) for __initial_sp
    startup_stm32f429xx.o(RESET) refers to startup_stm32f429xx.o(.text) for Reset_Handler
    startup_stm32f429xx.o(RESET) refers to stm32f4xx_it.o(i.NMI_Handler) for NMI_Handler
    startup_stm32f429xx.o(RESET) refers to cmb_fault.o(.text) for HardFault_Handler
    startup_stm32f429xx.o(RESET) refers to stm32f4xx_it.o(i.MemManage_Handler) for MemManage_Handler
    startup_stm32f429xx.o(RESET) refers to stm32f4xx_it.o(i.BusFault_Handler) for BusFault_Handler
    startup_stm32f429xx.o(RESET) refers to stm32f4xx_it.o(i.UsageFault_Handler) for UsageFault_Handler
    startup_stm32f429xx.o(RESET) refers to port.o(.emb_text) for SVC_Handler
    startup_stm32f429xx.o(RESET) refers to stm32f4xx_it.o(i.DebugMon_Handler) for DebugMon_Handler
    startup_stm32f429xx.o(RESET) refers to stm32f4xx_it.o(i.SysTick_Handler) for SysTick_Handler
    startup_stm32f429xx.o(RESET) refers to bsp_eth.o(i.ETH_IRQHandler) for ETH_IRQHandler
    startup_stm32f429xx.o(.text) refers to system_stm32f4xx.o(i.SystemInit) for SystemInit
    startup_stm32f429xx.o(.text) refers to entry.o(.ARM.Collect$$$$00000000) for __main
    system_stm32f4xx.o(i.SystemCoreClockUpdate) refers to system_stm32f4xx.o(.data) for .data
    system_stm32f4xx.o(i.SystemCoreClockUpdate) refers to system_stm32f4xx.o(.constdata) for .constdata
    stm32f4xx_hal_eth.o(i.ETH_Delay) refers to system_stm32f4xx.o(.data) for SystemCoreClock
    stm32f4xx_hal_eth.o(i.ETH_FlushTransmitFIFO) refers to stm32f4xx_hal_eth.o(i.ETH_Delay) for ETH_Delay
    stm32f4xx_hal_eth.o(i.ETH_MACDMAConfig) refers to stm32f4xx_hal.o(i.HAL_Delay) for HAL_Delay
    stm32f4xx_hal_eth.o(i.HAL_ETH_ConfigDMA) refers to board.o(i.assert_failed) for assert_failed
    stm32f4xx_hal_eth.o(i.HAL_ETH_ConfigDMA) refers to stm32f4xx_hal.o(i.HAL_Delay) for HAL_Delay
    stm32f4xx_hal_eth.o(i.HAL_ETH_ConfigMAC) refers to board.o(i.assert_failed) for assert_failed
    stm32f4xx_hal_eth.o(i.HAL_ETH_ConfigMAC) refers to stm32f4xx_hal.o(i.HAL_Delay) for HAL_Delay
    stm32f4xx_hal_eth.o(i.HAL_ETH_DeInit) refers to bsp_eth.o(i.HAL_ETH_MspDeInit) for HAL_ETH_MspDeInit
    stm32f4xx_hal_eth.o(i.HAL_ETH_IRQHandler) refers to bsp_eth.o(i.HAL_ETH_RxCpltCallback) for HAL_ETH_RxCpltCallback
    stm32f4xx_hal_eth.o(i.HAL_ETH_IRQHandler) refers to bsp_eth.o(i.HAL_ETH_TxCpltCallback) for HAL_ETH_TxCpltCallback
    stm32f4xx_hal_eth.o(i.HAL_ETH_IRQHandler) refers to bsp_eth.o(i.HAL_ETH_ErrorCallback) for HAL_ETH_ErrorCallback
    stm32f4xx_hal_eth.o(i.HAL_ETH_Init) refers to board.o(i.assert_failed) for assert_failed
    stm32f4xx_hal_eth.o(i.HAL_ETH_Init) refers to bsp_eth.o(i.HAL_ETH_MspInit) for HAL_ETH_MspInit
    stm32f4xx_hal_eth.o(i.HAL_ETH_Init) refers to stm32f4xx_hal.o(i.HAL_GetTick) for HAL_GetTick
    stm32f4xx_hal_eth.o(i.HAL_ETH_Init) refers to stm32f4xx_hal_rcc.o(i.HAL_RCC_GetHCLKFreq) for HAL_RCC_GetHCLKFreq
    stm32f4xx_hal_eth.o(i.HAL_ETH_Init) refers to stm32f4xx_hal_eth.o(i.HAL_ETH_WritePHYRegister) for HAL_ETH_WritePHYRegister
    stm32f4xx_hal_eth.o(i.HAL_ETH_Init) refers to stm32f4xx_hal.o(i.HAL_Delay) for HAL_Delay
    stm32f4xx_hal_eth.o(i.HAL_ETH_Init) refers to stm32f4xx_hal_eth.o(i.HAL_ETH_ReadPHYRegister) for HAL_ETH_ReadPHYRegister
    stm32f4xx_hal_eth.o(i.HAL_ETH_Init) refers to stm32f4xx_hal_eth.o(i.ETH_MACDMAConfig) for ETH_MACDMAConfig
    stm32f4xx_hal_eth.o(i.HAL_ETH_ReadPHYRegister) refers to board.o(i.assert_failed) for assert_failed
    stm32f4xx_hal_eth.o(i.HAL_ETH_ReadPHYRegister) refers to stm32f4xx_hal.o(i.HAL_GetTick) for HAL_GetTick
    stm32f4xx_hal_eth.o(i.HAL_ETH_Start) refers to stm32f4xx_hal_eth.o(i.ETH_Delay) for ETH_Delay
    stm32f4xx_hal_eth.o(i.HAL_ETH_Start) refers to stm32f4xx_hal_eth.o(i.ETH_FlushTransmitFIFO) for ETH_FlushTransmitFIFO
    stm32f4xx_hal_eth.o(i.HAL_ETH_Stop) refers to stm32f4xx_hal_eth.o(i.ETH_Delay) for ETH_Delay
    stm32f4xx_hal_eth.o(i.HAL_ETH_Stop) refers to stm32f4xx_hal_eth.o(i.ETH_FlushTransmitFIFO) for ETH_FlushTransmitFIFO
    stm32f4xx_hal_eth.o(i.HAL_ETH_WritePHYRegister) refers to board.o(i.assert_failed) for assert_failed
    stm32f4xx_hal_eth.o(i.HAL_ETH_WritePHYRegister) refers to stm32f4xx_hal.o(i.HAL_GetTick) for HAL_GetTick
    stm32f4xx_hal_tim.o(i.HAL_TIM_Base_DeInit) refers to board.o(i.assert_failed) for assert_failed
    stm32f4xx_hal_tim.o(i.HAL_TIM_Base_DeInit) refers to stm32f4xx_hal_tim.o(i.HAL_TIM_Base_MspDeInit) for HAL_TIM_Base_MspDeInit
    stm32f4xx_hal_tim.o(i.HAL_TIM_Base_Init) refers to board.o(i.assert_failed) for assert_failed
    stm32f4xx_hal_tim.o(i.HAL_TIM_Base_Init) refers to stm32f4xx_hal_tim.o(i.HAL_TIM_Base_MspInit) for HAL_TIM_Base_MspInit
[...]
    Region$$Table$$Base                      0x080156bc   Number         0  anon$$obj.o(Region$$Table)
    Image$$ER_IROM1$$Limit                   0x080156dc   Number         0  anon$$obj.o ABSOLUTE
    Region$$Table$$Limit                     0x080156dc   Number         0  anon$$obj.o(Region$$Table)
    SystemCoreClock                          0x20000000   Data           4  system_stm32f4xx.o(.data)
    uwTickFreq                               0x20000004   Data           1  stm32f4xx_hal.o(.data)
    uwTickPrio                               0x20000008   Data           4  stm32f4xx_hal.o(.data)
    uwTick                                   0x2000000c   Data           4  stm32f4xx_hal.o(.data)
    MQTT_Data_Queue                          0x2000001c   Data           4  main.o(.data)
    MQTT_Socket                              0x20000024   Data           4  mqttclient.o(.data)
    pxCurrentTCB                             0x2000002c   Data           4  tasks.o(.data)
    lock_tcpip_core                          0x2000009c   Data           4  tcpip.o(.data)
    netif_list                               0x200000fc   Data           4  netif.o(.data)
    netif_default                            0x20000100   Data           4  netif.o(.data)
    tcp_active_pcbs_changed                  0x20000104   Data           1  tcp.o(.data)
    tcp_ticks                                0x20000110   Data           4  tcp.o(.data)
    tcp_bound_pcbs                           0x20000114   Data           4  tcp.o(.data)
    tcp_listen_pcbs                          0x20000118   Data           4  tcp.o(.data)
    tcp_active_pcbs                          0x2000011c   Data           4  tcp.o(.data)
    tcp_tw_pcbs                              0x20000120   Data           4  tcp.o(.data)
    tcp_input_pcb                            0x20000144   Data           4  tcp_in.o(.data)
    udp_pcbs                                 0x20000158   Data           4  udp.o(.data)
    s_xSemaphore                             0x20000178   Data           4  ethernetif.o(.data)
    tx_sem                                   0x2000017c   Data           4  ethernetif.o(.data)
    eth_tx_mb                                0x20000180   Data           4  ethernetif.o(.data)
    lwip_sys_now                             0x2000018c   Data           4  sys_arch.o(.data)
    ipaddr                                   0x20000190   Data           4  sys_arch.o(.data)
    netmask                                  0x20000194   Data           4  sys_arch.o(.data)
    gw                                       0x20000198   Data           4  sys_arch.o(.data)
    errno                                    0x2000019c   Data           4  sys_arch.o(.data)
    __stdout                                 0x200001d8   Data           4  stdout.o(.data)
    DHT11_Data                               0x200001e0   Data          24  main.o(.bss)
    UartHandle                               0x200001f8   Data          64  bsp_debug_usart.o(.bss)
    heth                                     0x20000238   Data          72  bsp_eth.o(.bss)
    DMARxDscrTab                             0x20000280   Data         256  bsp_eth.o(.bss)
    DMATxDscrTab                             0x20000380   Data         256  bsp_eth.o(.bss)
    Rx_Buff                                  0x20000480   Data       12192  bsp_eth.o(.bss)
    Tx_Buff                                  0x20003420   Data       12192  bsp_eth.o(.bss)
    mqtt_user_msg                            0x200063c0   Data         564  mqttclient.o(.bss)
    xQueueRegistry                           0x200065f4   Data          80  queue.o(.bss)
    ip_data                                  0x2000fe18   Data          24  ip.o(.bss)
    ram_heap                                 0x2000fe30   Data       25619  mem.o(.bss)
    memp_memory_UDP_PCB_base                 0x20016243   Data         163  memp.o(.bss)
    memp_memory_TCP_PCB_base                 0x200162e6   Data         915  memp.o(.bss)
    memp_memory_TCP_PCB_LISTEN_base          0x20016679   Data         171  memp.o(.bss)
    memp_memory_TCP_SEG_base                 0x20016724   Data        1923  memp.o(.bss)
    memp_memory_REASSDATA_base               0x20016ea7   Data         163  memp.o(.bss)
    memp_memory_FRAG_PBUF_base               0x20016f4a   Data         363  memp.o(.bss)
    memp_memory_NETBUF_base                  0x200170b5   Data          35  memp.o(.bss)
    memp_memory_NETCONN_base                 0x200170d8   Data         179  memp.o(.bss)
    memp_memory_TCPIP_MSG_API_base           0x2001718b   Data         131  memp.o(.bss)
    memp_memory_TCPIP_MSG_INPKT_base         0x2001720e   Data         131  memp.o(.bss)
    memp_memory_IGMP_GROUP_base              0x20017291   Data         131  memp.o(.bss)
    memp_memory_SYS_TIMEOUT_base             0x20017314   Data         243  memp.o(.bss)
    memp_memory_NETDB_base                   0x20017407   Data         311  memp.o(.bss)
    memp_memory_PBUF_base                    0x2001753e   Data         403  memp.o(.bss)
    memp_memory_PBUF_POOL_base               0x200176d1   Data       68943  memp.o(.bss)
    gnetif                                   0x20028550   Data          56  sys_arch.o(.bss)
    STACK$$Base                              0x200286c0   Number         0  startup_stm32f429xx.o(STACK)
    STACK$$Limit                             0x20028ac0   Number         0  startup_stm32f429xx.o(STACK)
    __initial_sp                             0x20028ac0   Data           0  startup_stm32f429xx.o(STACK)



==============================================================================

Memory Map of the image

  Image Entry point : 0x080001ad

  Load Region LR_IROM1 (Base: 0x08000000, Size: 0x000158b8, Max: 0x00100000, ABSOLUTE, COMPRESSED[0x00015700])

    Execution Region ER_IROM1 (Exec base: 0x08000000, Load base: 0x08000000, Size: 0x000156dc, Max: 0x00100000, ABSOLUTE)

    Exec Addr    Load Addr    Size         Type   Attr      Idx    E Section Name        Object

    0x08000000   0x08000000   0x000001ac   Data   RO            3    RESET               startup_stm32f429xx.o
    0x080001ac   0x080001ac   0x00000000   Code   RO        10302  * .ARM.Collect$$$$00000000  mc_w.l(entry.o)
    0x080001ac   0x080001ac   0x00000004   Code   RO        10673    .ARM.Collect$$$$00000001  mc_w.l(entry2.o)
    0x080001b0   0x080001b0   0x00000004   Code   RO        10676    .ARM.Collect$$$$00000004  mc_w.l(entry5.o)
    0x080001b4   0x080001b4   0x00000000   Code   RO        10678    .ARM.Collect$$$$00000008  mc_w.l(entry7b.o)
    0x080001b4   0x080001b4   0x00000000   Code   RO        10680    .ARM.Collect$$$$0000000A  mc_w.l(entry8b.o)
    0x080001b4   0x080001b4   0x00000008   Code   RO        10681    .ARM.Collect$$$$0000000B  mc_w.l(entry9a.o)
    0x080001bc   0x080001bc   0x00000000   Code   RO        10683    .ARM.Collect$$$$0000000D  mc_w.l(entry10a.o)
    0x080001bc   0x080001bc   0x00000000   Code   RO        10685    .ARM.Collect$$$$0000000F  mc_w.l(entry11a.o)
    0x080001bc   0x080001bc   0x00000004   Code   RO        10674    .ARM.Collect$$$$00002712  mc_w.l(entry2.o)
    0x080001c0   0x080001c0   0x00000010   Code   RO         3913    .emb_text           board.o
    0x080001d0   0x080001d0   0x000000b6   Code   RO         5130    .emb_text           port.o
    0x08000286   0x08000286   0x00000002   PAD
    0x08000288   0x08000288   0x00000024   Code   RO            4    .text               startup_stm32f429xx.o
    0x080002ac   0x080002ac   0x0000000c   Code   RO        10292    .text               cmb_fault.o
    0x080002b8   0x080002b8   0x00000062   Code   RO        10305    .text               mc_w.l(uldiv.o)
    0x0800031a   0x0800031a   0x00000002   PAD
    0x0800031c   0x0800031c   0x00000008   Code   RO        10307    .text               mc_w.l(ctype_o.o)
    0x08000324   0x08000324   0x00000012   Code   RO        10329    .text               mc_w.l(isspace_o.o)
    0x08000336   0x08000336   0x0000000c   Code   RO        10335    .text               mc_w.l(tolower.o)
    0x08000342   0x08000342   0x00000002   PAD
    0x08000344   0x08000344   0x00000024   Code   RO        10337    .text               mc_w.l(rand.o)
    0x08000368   0x08000368   0x00000040   Code   RO        10342    .text               mc_w.l(memmovea.o)
    0x080003a8   0x080003a8   0x00000024   Code   RO        10344    .text               mc_w.l(memseta.o)
    0x080003cc   0x080003cc   0x00000018   Code   RO        10346    .text               mc_w.l(strncpy.o)
    0x080003e4   0x080003e4   0x0000000e   Code   RO        10348    .text               mc_w.l(strlen.o)
    0x080003f2   0x080003f2   0x0000001c   Code   RO        10350    .text               mc_w.l(strcmp.o)
    0x0800040e   0x0800040e   0x0000001a   Code   RO        10352    .text               mc_w.l(memcmp.o)
    0x08000428   0x08000428   0x00000012   Code   RO        10354    .text               mc_w.l(strcpy.o)
    0x0800043a   0x0800043a   0x0000001e   Code   RO        10356    .text               mc_w.l(strncmp.o)
    0x08000458   0x08000458   0x00000038   Code   RO        10651    .text               mc_w.l(__0sscanf.o)
    0x08000490   0x08000490   0x00000338   Code   RO        10653    .text               mc_w.l(scanf_fp.o)
    0x080007c8   0x080007c8   0x000000de   Code   RO        10659    .text               mf_w.l(ddiv.o)
    0x080008a6   0x080008a6   0x0000001a   Code   RO        10663    .text               mf_w.l(dfltui.o)
    0x080008c0   0x080008c0   0x0000003e   Code   RO        10665    .text               mf_w.l(dfixi.o)
    0x080008fe   0x080008fe   0x00000002   PAD
    0x08000900   0x08000900   0x00000030   Code   RO        10669    .text               mf_w.l(cdcmple.o)
    0x08000930   0x08000930   0x00000030   Code   RO        10671    .text               mf_w.l(cdrcmple.o)
    0x08000960   0x08000960   0x0000002c   Code   RO        10688    .text               mc_w.l(uidiv.o)
    0x0800098c   0x0800098c   0x0000001e   Code   RO        10690    .text               mc_w.l(llshl.o)
    0x080009aa   0x080009aa   0x00000020   Code   RO        10692    .text               mc_w.l(llushr.o)
    0x080009ca   0x080009ca   0x00000002   PAD
    0x080009cc   0x080009cc   0x00000028   Code   RO        10703    .text               mc_w.l(scanf_char.o)
    0x080009f4   0x080009f4   0x00000040   Code   RO        10705    .text               mc_w.l(_sgetc.o)
    0x08000a34   0x08000a34   0x0000009c   Code   RO        10707    .text               mc_w.l(strtod.o)
    0x08000ad0   0x08000ad0   0x00000000   Code   RO        10711    .text               mc_w.l(iusefp.o)
    0x08000ad0   0x08000ad0   0x000000ba   Code   RO        10712    .text               mf_w.l(depilogue.o)
    0x08000b8a   0x08000b8a   0x0000014e   Code   RO        10714    .text               mf_w.l(dadd.o)
    0x08000cd8   0x08000cd8   0x000000e4   Code   RO        10716    .text               mf_w.l(dmul.o)
    0x08000dbc   0x08000dbc   0x00000018   Code   RO        10718    .text               mf_w.l(dfltul.o)
    0x08000dd4   0x08000dd4   0x00000030   Code   RO        10720    .text               mf_w.l(dfixul.o)
    0x08000e04   0x08000e04   0x00000038   Code   RO        10722    .text               mf_w.l(d2f.o)
    0x08000e3c   0x08000e3c   0x00000024   Code   RO        10724    .text               mc_w.l(init.o)
    0x08000e60   0x08000e60   0x00000024   Code   RO        10726    .text               mc_w.l(llsshr.o)
    0x08000e84   0x08000e84   0x0000032c   Code   RO        10730    .text               mc_w.l(_scanf.o)
    0x080011b0   0x080011b0   0x0000006e   Code   RO        10734    .text               mf_w.l(fepilogue.o)
    0x0800121e   0x0800121e   0x0000003a   Code   RO        10749    .text               mc_w.l(__dczerorl.o)
    0x08001258   0x08001258   0x00000330   Code   RO         3590    i.AppTaskCreate     main.o
    0x08001588   0x08001588   0x00000068   Code   RO         3914    i.BSP_Init          board.o
    0x080015f0   0x080015f0   0x0000013c   Code   RO         3966    i.Bsp_Eth_Init      bsp_eth.o
    0x0800172c   0x0800172c   0x00000002   Code   RO         3707    i.BusFault_Handler  stm32f4xx_it.o
    0x0800172e   0x0800172e   0x00000002   PAD
    0x08001730   0x08001730   0x00000024   Code   RO         4320    i.CPU_TS_TmrInit    core_delay.o
    0x08001754   0x08001754   0x00000030   Code   RO         4322    i.CPU_TS_Tmr_Delay_US  core_delay.o
    0x08001784   0x08001784   0x00000250   Code   RO         4034    i.Client_Connect    mqttclient.o
    0x080019d4   0x080019d4   0x00000028   Code   RO         3776    i.DEBUG_USART_Config  bsp_debug_usart.o
    0x080019fc   0x080019fc   0x00000030   Code   RO         4356    i.DHT11_Init        bsp_dht11.o
    0x08001a2c   0x08001a2c   0x00000020   Code   RO         4357    i.DHT11_Mode_Out_PP  bsp_dht11.o
    0x08001a4c   0x08001a4c   0x00000098   Code   RO         4358    i.DHT11_ReadByte    bsp_dht11.o
    0x08001ae4   0x08001ae4   0x00000124   Code   RO         4359    i.DHT11_Read_TempAndHumidity  bsp_dht11.o
    0x08001c08   0x08001c08   0x00000002   Code   RO         3708    i.DebugMon_Handler  stm32f4xx_it.o
    0x08001c0a   0x08001c0a   0x00000002   PAD
    0x08001c0c   0x08001c0c   0x00000020   Code   RO          261    i.ETH_Delay         stm32f4xx_hal_eth.o
    0x08001c2c   0x08001c2c   0x0000002e   Code   RO          262    i.ETH_FlushTransmitFIFO  stm32f4xx_hal_eth.o
    0x08001c5a   0x08001c5a   0x00000002   PAD
    0x08001c5c   0x08001c5c   0x00000024   Code   RO         3967    i.ETH_IRQHandler    bsp_eth.o
    0x08001c80   0x08001c80   0x00000124   Code   RO          263    i.ETH_MACDMAConfig  stm32f4xx_hal_eth.o
    0x08001da4   0x08001da4   0x0000006c   Code   RO         3915    i.GPIO_CLK_Init     board.o
    0x08001e10   0x08001e10   0x00000010   Code   RO         4035    i.GetNextPackID     mqttclient.o
    0x08001e20   0x08001e20   0x00000024   Code   RO         2794    i.HAL_Delay         stm32f4xx_hal.o
    0x08001e44   0x08001e44   0x00000072   Code   RO          266    i.HAL_ETH_DMARxDescListInit  stm32f4xx_hal_eth.o
    0x08001eb6   0x08001eb6   0x00000078   Code   RO          267    i.HAL_ETH_DMATxDescListInit  stm32f4xx_hal_eth.o
    0x08001f2e   0x08001f2e   0x0000001a   Code   RO          268    i.HAL_ETH_DeInit    stm32f4xx_hal_eth.o
    0x08001f48   0x08001f48   0x00000002   Code   RO         3968    i.HAL_ETH_ErrorCallback  bsp_eth.o
    0x08001f4a   0x08001f4a   0x0000007a   Code   RO          270    i.HAL_ETH_GetReceivedFrame  stm32f4xx_hal_eth.o
    0x08001fc4   0x08001fc4   0x0000007a   Code   RO          273    i.HAL_ETH_IRQHandler  stm32f4xx_hal_eth.o
    0x0800203e   0x0800203e   0x00000002   PAD
    0x08002040   0x08002040   0x00000290   Code   RO          274    i.HAL_ETH_Init      stm32f4xx_hal_eth.o
    0x080022d0   0x080022d0   0x00000068   Code   RO         3969    i.HAL_ETH_MspDeInit  bsp_eth.o
    0x08002338   0x08002338   0x000000ac   Code   RO         3970    i.HAL_ETH_MspInit   bsp_eth.o
    0x080023e4   0x080023e4   0x000000d0   Code   RO          276    i.HAL_ETH_ReadPHYRegister  stm32f4xx_hal_eth.o
    0x080024b4   0x080024b4   0x00000030   Code   RO         3971    i.HAL_ETH_RxCpltCallback  bsp_eth.o
    0x080024e4   0x080024e4   0x00000084   Code   RO          278    i.HAL_ETH_Start     stm32f4xx_hal_eth.o
    0x08002568   0x08002568   0x00000108   Code   RO          280    i.HAL_ETH_TransmitFrame  stm32f4xx_hal_eth.o
    0x08002670   0x08002670   0x00000002   Code   RO         3972    i.HAL_ETH_TxCpltCallback  bsp_eth.o
    0x08002672   0x08002672   0x00000002   PAD
    0x08002674   0x08002674   0x000000c8   Code   RO          282    i.HAL_ETH_WritePHYRegister  stm32f4xx_hal_eth.o
    0x0800273c   0x0800273c   0x000001c8   Code   RO         2288    i.HAL_GPIO_DeInit   stm32f4xx_hal_gpio.o
    0x08002904   0x08002904   0x00000338   Code   RO         2291    i.HAL_GPIO_Init     stm32f4xx_hal_gpio.o
    0x08002c3c   0x08002c3c   0x00000058   Code   RO         2293    i.HAL_GPIO_ReadPin  stm32f4xx_hal_gpio.o
    0x08002c94   0x08002c94   0x0000006c   Code   RO         2295    i.HAL_GPIO_WritePin  stm32f4xx_hal_gpio.o
    0x08002d00   0x08002d00   0x0000000c   Code   RO         2802    i.HAL_GetTick       stm32f4xx_hal.o
    0x08002d0c   0x08002d0c   0x00000010   Code   RO         2806    i.HAL_IncTick       stm32f4xx_hal.o
    0x08002d1c   0x08002d1c   0x00000034   Code   RO         2807    i.HAL_Init          stm32f4xx_hal.o
    0x08002d50   0x08002d50   0x00000040   Code   RO         2808    i.HAL_InitTick      stm32f4xx_hal.o
    0x08002d90   0x08002d90   0x00000002   Code   RO         2810    i.HAL_MspInit       stm32f4xx_hal.o
    0x08002d92   0x08002d92   0x00000002   PAD
    0x08002d94   0x08002d94   0x00000064   Code   RO         2657    i.HAL_NVIC_EnableIRQ  stm32f4xx_hal_cortex.o
    0x08002df8   0x08002df8   0x000000a0   Code   RO         2663    i.HAL_NVIC_SetPriority  stm32f4xx_hal_cortex.o
    0x08002e98   0x08002e98   0x00000084   Code   RO         2664    i.HAL_NVIC_SetPriorityGrouping  stm32f4xx_hal_cortex.o
    0x08002f1c   0x08002f1c   0x00000070   Code   RO         2586    i.HAL_PWREx_EnableOverDrive  stm32f4xx_hal_pwr_ex.o
    0x08002f8c   0x08002f8c   0x00000264   Code   RO         1870    i.HAL_RCC_ClockConfig  stm32f4xx_hal_rcc.o
    0x080031f0   0x080031f0   0x0000000c   Code   RO         1875    i.HAL_RCC_GetHCLKFreq  stm32f4xx_hal_rcc.o
    0x080031fc   0x080031fc   0x00000020   Code   RO         1877    i.HAL_RCC_GetPCLK1Freq  stm32f4xx_hal_rcc.o
    0x0800321c   0x0800321c   0x00000020   Code   RO         1878    i.HAL_RCC_GetPCLK2Freq  stm32f4xx_hal_rcc.o
    0x0800323c   0x0800323c   0x00000064   Code   RO         1879    i.HAL_RCC_GetSysClockFreq  stm32f4xx_hal_rcc.o
    0x080032a0   0x080032a0   0x00000444   Code   RO         1882    i.HAL_RCC_OscConfig  stm32f4xx_hal_rcc.o
    0x080036e4   0x080036e4   0x00000068   Code   RO         2666    i.HAL_SYSTICK_CLKSourceConfig  stm32f4xx_hal_cortex.o
    0x0800374c   0x0800374c   0x00000028   Code   RO         2668    i.HAL_SYSTICK_Config  stm32f4xx_hal_cortex.o
    0x08003774   0x08003774   0x0000015c   Code   RO         1568    i.HAL_UART_Init     stm32f4xx_hal_uart.o
    0x080038d0   0x080038d0   0x00000084   Code   RO         3777    i.HAL_UART_MspInit  bsp_debug_usart.o
    0x08003954   0x08003954   0x000000ba   Code   RO         1576    i.HAL_UART_Transmit  stm32f4xx_hal_uart.o
    0x08003a0e   0x08003a0e   0x00000002   PAD
    0x08003a10   0x08003a10   0x000000a8   Code   RO         3831    i.LED_GPIO_Config   bsp_led.o
    0x08003ab8   0x08003ab8   0x00000048   Code   RO         9274    i.MQTTDeserialize_ack  mqttdeserializepublish.o
    0x08003b00   0x08003b00   0x0000005c   Code   RO         9208    i.MQTTDeserialize_connack  mqttconnectclient.o
    0x08003b5c   0x08003b5c   0x0000008c   Code   RO         9275    i.MQTTDeserialize_publish  mqttdeserializepublish.o
    0x08003be8   0x08003be8   0x0000007c   Code   RO         9500    i.MQTTDeserialize_suback  mqttsubscribeclient.o
    0x08003c64   0x08003c64   0x000000e2   Code   RO         4036    i.MQTTMsgPublish    mqttclient.o
    0x08003d46   0x08003d46   0x00000036   Code   RO         9350    i.MQTTPacket_decode  mqttpacket.o
    0x08003d7c   0x08003d7c   0x00000014   Code   RO         9351    i.MQTTPacket_decodeBuf  mqttpacket.o
    0x08003d90   0x08003d90   0x00000028   Code   RO         9352    i.MQTTPacket_encode  mqttpacket.o
    0x08003db8   0x08003db8   0x00000028   Code   RO         9354    i.MQTTPacket_len    mqttpacket.o
    0x08003de0   0x08003de0   0x0000004e   Code   RO         9355    i.MQTTPacket_read   mqttpacket.o
    0x08003e2e   0x08003e2e   0x00000048   Code   RO         9458    i.MQTTSerialize_ack  mqttserializepublish.o
    0x08003e76   0x08003e76   0x00000002   PAD
    0x08003e78   0x08003e78   0x00000118   Code   RO         9209    i.MQTTSerialize_connect  mqttconnectclient.o
    0x08003f90   0x08003f90   0x00000076   Code   RO         9210    i.MQTTSerialize_connectLength  mqttconnectclient.o
    0x08004006   0x08004006   0x00000006   Code   RO         9212    i.MQTTSerialize_pingreq  mqttconnectclient.o
    0x0800400c   0x0800400c   0x0000000e   Code   RO         9459    i.MQTTSerialize_puback  mqttserializepublish.o
    0x0800401a   0x0800401a   0x0000000e   Code   RO         9460    i.MQTTSerialize_pubcomp  mqttserializepublish.o
    0x08004028   0x08004028   0x00000086   Code   RO         9461    i.MQTTSerialize_publish  mqttserializepublish.o
    0x080040ae   0x080040ae   0x0000001e   Code   RO         9462    i.MQTTSerialize_publishLength  mqttserializepublish.o
    0x080040cc   0x080040cc   0x0000000e   Code   RO         9463    i.MQTTSerialize_pubrel  mqttserializepublish.o
    0x080040da   0x080040da   0x0000008c   Code   RO         9501    i.MQTTSerialize_subscribe  mqttsubscribeclient.o
    0x08004166   0x08004166   0x0000002c   Code   RO         9502    i.MQTTSerialize_subscribeLength  mqttsubscribeclient.o
    0x08004192   0x08004192   0x00000032   Code   RO         9213    i.MQTTSerialize_zero  mqttconnectclient.o
    0x080041c4   0x080041c4   0x000000fc   Code   RO         4037    i.MQTTSubscribe     mqttclient.o
    0x080042c0   0x080042c0   0x00000140   Code   RO         4038    i.MQTT_Connect      mqttclient.o
    0x08004400   0x08004400   0x00000088   Code   RO         4039    i.MQTT_PingReq      mqttclient.o
    0x08004488   0x08004488   0x0000000e   Code   RO         9357    i.MQTTstrlen        mqttpacket.o
    0x08004496   0x08004496   0x00000002   Code   RO         3709    i.MemManage_Handler  stm32f4xx_it.o
    0x08004498   0x08004498   0x00000002   Code   RO         3710    i.NMI_Handler       stm32f4xx_it.o
    0x0800449a   0x0800449a   0x00000020   Code   RO         2670    i.NVIC_SetPriority  stm32f4xx_hal_cortex.o
    0x080044ba   0x080044ba   0x00000002   PAD
    0x080044bc   0x080044bc   0x000000bc   Code   RO         4271    i.Proscess          cjson_process.o
    0x08004578   0x08004578   0x00000068   Code   RO         4040    i.ReadPacketTimeout  mqttclient.o
    0x080045e0   0x080045e0   0x0000002a   Code   RO         3711    i.SysTick_Handler   stm32f4xx_it.o
    0x0800460a   0x0800460a   0x00000002   PAD
    0x0800460c   0x0800460c   0x000000a4   Code   RO         3916    i.SystemClock_Config  board.o
    0x080046b0   0x080046b0   0x00000054   Code   RO           14    i.SystemInit        system_stm32f4xx.o
    0x08004704   0x08004704   0x000000a0   Code   RO         9009    i.TCPIP_Init        sys_arch.o
    0x080047a4   0x080047a4   0x000000c0   Code   RO         3591    i.Temperature_Task  main.o
    0x08004864   0x08004864   0x0000001c   Code   RO         3592    i.Test2_Task        main.o
    0x08004880   0x08004880   0x00000344   Code   RO         1594    i.UART_SetConfig    stm32f4xx_hal_uart.o
    0x08004bc4   0x08004bc4   0x00000062   Code   RO         1596    i.UART_WaitOnFlagUntilTimeout  stm32f4xx_hal_uart.o
    0x08004c26   0x08004c26   0x00000002   Code   RO         3712    i.UsageFault_Handler  stm32f4xx_it.o
    0x08004c28   0x08004c28   0x0000014c   Code   RO         4041    i.UserMsgCtl        mqttclient.o
    0x08004d74   0x08004d74   0x0000004c   Code   RO         4042    i.WaitForPacket     mqttclient.o
    0x08004dc0   0x08004dc0   0x00000020   Code   RO        10595    i.__0printf         mc_w.l(printfa.o)
    0x08004de0   0x08004de0   0x00000028   Code   RO        10597    i.__0sprintf        mc_w.l(printfa.o)
    0x08004e08   0x08004e08   0x00000028   Code   RO        10296    i.__hardfp_strtod   m_wm.l(strtod.o)
    0x08004e30   0x08004e30   0x0000000e   Code   RO        10743    i.__scatterload_copy  mc_w.l(handlers.o)
    0x08004e3e   0x08004e3e   0x00000002   Code   RO        10744    i.__scatterload_null  mc_w.l(handlers.o)
    0x08004e40   0x08004e40   0x0000000e   Code   RO        10745    i.__scatterload_zeroinit  mc_w.l(handlers.o)
    0x08004e4e   0x08004e4e   0x00000002   PAD
    0x08004e50   0x08004e50   0x00000184   Code   RO        10602    i._fp_digits        mc_w.l(printfa.o)
    0x08004fd4   0x08004fd4   0x0000000e   Code   RO        10655    i._is_digit         mc_w.l(scanf_fp.o)
    0x08004fe2   0x08004fe2   0x00000002   PAD
    0x08004fe4   0x08004fe4   0x000006dc   Code   RO        10603    i._printf_core      mc_w.l(printfa.o)
    0x080056c0   0x080056c0   0x00000024   Code   RO        10604    i._printf_post_padding  mc_w.l(printfa.o)
    0x080056e4   0x080056e4   0x0000002e   Code   RO        10605    i._printf_pre_padding  mc_w.l(printfa.o)
    0x08005712   0x08005712   0x0000000a   Code   RO        10607    i._sputc            mc_w.l(printfa.o)
    0x0800571c   0x0800571c   0x00000022   Code   RO         9637    i.add_item_to_array  cjson.o
    0x0800573e   0x0800573e   0x00000056   Code   RO         9638    i.add_item_to_object  cjson.o
    0x08005794   0x08005794   0x00000084   Code   RO         5967    i.alloc_socket      sockets.o
    0x08005818   0x08005818   0x00000034   Code   RO         3917    i.assert_failed     board.o
    0x0800584c   0x0800584c   0x00000020   Code   RO         9358    i.bufchar           mqttpacket.o
    0x0800586c   0x0800586c   0x0000002c   Code   RO         9639    i.buffer_skip_whitespace  cjson.o
    0x08005898   0x08005898   0x00000030   Code   RO         9649    i.cJSON_AddNumberToObject  cjson.o
    0x080058c8   0x080058c8   0x00000030   Code   RO         9652    i.cJSON_AddStringToObject  cjson.o
    0x080058f8   0x080058f8   0x00000078   Code   RO         9663    i.cJSON_CreateNumber  cjson.o
    0x08005970   0x08005970   0x00000018   Code   RO         9664    i.cJSON_CreateObject  cjson.o
    0x08005988   0x08005988   0x00000030   Code   RO         9667    i.cJSON_CreateString  cjson.o
    0x080059b8   0x080059b8   0x00000068   Code   RO         4272    i.cJSON_Data_Init   cjson_process.o
    0x08005a20   0x08005a20   0x00000048   Code   RO         9671    i.cJSON_Delete      cjson.o
    0x08005a68   0x08005a68   0x00000006   Code   RO         9683    i.cJSON_GetObjectItem  cjson.o
    0x08005a6e   0x08005a6e   0x0000000e   Code   RO         9690    i.cJSON_IsBool      cjson.o
    0x08005a7c   0x08005a7c   0x00000012   Code   RO         9694    i.cJSON_IsNumber    cjson.o
    0x08005a8e   0x08005a8e   0x00000012   Code   RO         9697    i.cJSON_IsString    cjson.o
    0x08005aa0   0x08005aa0   0x00000016   Code   RO         9700    i.cJSON_New_Item    cjson.o
    0x08005ab6   0x08005ab6   0x00000008   Code   RO         9701    i.cJSON_Parse       cjson.o
    0x08005abe   0x08005abe   0x00000002   PAD
    0x08005ac0   0x08005ac0   0x000000e4   Code   RO         9702    i.cJSON_ParseWithOpts  cjson.o
    0x08005ba4   0x08005ba4   0x0000000c   Code   RO         9703    i.cJSON_Print       cjson.o
    0x08005bb0   0x08005bb0   0x00000064   Code   RO         4273    i.cJSON_Update      cjson_process.o
    0x08005c14   0x08005c14   0x00000028   Code   RO         9715    i.cJSON_strdup      cjson.o
    0x08005c3c   0x08005c3c   0x00000078   Code   RO        10230    i.cm_backtrace_assert  cm_backtrace.o
    0x08005cb4   0x08005cb4   0x000000a0   Code   RO        10231    i.cm_backtrace_call_stack  cm_backtrace.o
    0x08005d54   0x08005d54   0x0000023c   Code   RO        10232    i.cm_backtrace_fault  cm_backtrace.o
    0x08005f90   0x08005f90   0x0000002c   Code   RO        10233    i.cm_backtrace_firmware_info  cm_backtrace.o
    0x08005fbc   0x08005fbc   0x0000005c   Code   RO        10234    i.cm_backtrace_init  cm_backtrace.o
    0x08006018   0x08006018   0x0000004a   Code   RO         4043    i.deliverMessage    mqttclient.o
    0x08006062   0x08006062   0x00000002   PAD
    0x08006064   0x08006064   0x000000b8   Code   RO         6546    i.dns_alloc_pcb     dns.o
    0x0800611c   0x0800611c   0x00000024   Code   RO         6547    i.dns_backupserver_available  dns.o
    0x08006140   0x08006140   0x00000098   Code   RO         6548    i.dns_call_found    dns.o
    0x080061d8   0x080061d8   0x00000100   Code   RO         6549    i.dns_check_entry   dns.o
    0x080062d8   0x080062d8   0x00000080   Code   RO         6550    i.dns_compare_name  dns.o
    0x08006358   0x08006358   0x0000013c   Code   RO         6551    i.dns_enqueue       dns.o
    0x08006494   0x08006494   0x00000094   Code   RO         6553    i.dns_gethostbyname_addrtype  dns.o
    0x08006528   0x08006528   0x00000024   Code   RO         6555    i.dns_init          dns.o
    0x0800654c   0x0800654c   0x00000218   Code   RO         6556    i.dns_recv          dns.o
    0x08006764   0x08006764   0x00000148   Code   RO         6557    i.dns_send          dns.o
    0x080068ac   0x080068ac   0x00000020   Code   RO         6558    i.dns_setserver     dns.o
    0x080068cc   0x080068cc   0x00000014   Code   RO         6559    i.dns_tmr           dns.o
    0x080068e0   0x080068e0   0x00000048   Code   RO         6896    i.do_memp_free_pool  memp.o
    0x08006928   0x08006928   0x00000058   Code   RO         6897    i.do_memp_malloc_pool  memp.o
    0x08006980   0x08006980   0x000000bc   Code   RO        10235    i.dump_stack        cm_backtrace.o
    0x08006a3c   0x08006a3c   0x0000008a   Code   RO         9717    i.ensure            cjson.o
    0x08006ac6   0x08006ac6   0x00000002   PAD
    0x08006ac8   0x08006ac8   0x00000154   Code   RO         5497    i.err_tcp           api_msg.o
    0x08006c1c   0x08006c1c   0x0000001c   Code   RO         5722    i.err_to_errno      err.o
    0x08006c38   0x08006c38   0x0000002c   Code   RO         8290    i.etharp_cleanup_netif  etharp.o
    0x08006c64   0x08006c64   0x000001d4   Code   RO         8292    i.etharp_find_entry  etharp.o
    0x08006e38   0x08006e38   0x00000024   Code   RO         8293    i.etharp_free_entry  etharp.o
    0x08006e5c   0x08006e5c   0x000000a0   Code   RO         8295    i.etharp_input      etharp.o
    0x08006efc   0x08006efc   0x00000138   Code   RO         8296    i.etharp_output     etharp.o
    0x08007034   0x08007034   0x000000a8   Code   RO         8297    i.etharp_output_to_arp_index  etharp.o
    0x080070dc   0x080070dc   0x00000170   Code   RO         8298    i.etharp_query      etharp.o
    0x0800724c   0x0800724c   0x000000fc   Code   RO         8299    i.etharp_raw        etharp.o
    0x08007348   0x08007348   0x0000000c   Code   RO         8300    i.etharp_request    etharp.o
    0x08007354   0x08007354   0x00000020   Code   RO         8301    i.etharp_request_dst  etharp.o
    0x08007374   0x08007374   0x0000005c   Code   RO         8302    i.etharp_tmr        etharp.o
    0x080073d0   0x080073d0   0x000000b4   Code   RO         8303    i.etharp_update_arp_entry  etharp.o
    0x08007484   0x08007484   0x000000a4   Code   RO         8783    i.ethernet_input    ethernet.o
    0x08007528   0x08007528   0x00000090   Code   RO         8784    i.ethernet_output   ethernet.o
    0x080075b8   0x080075b8   0x0000005c   Code   RO         8947    i.ethernetif_init   ethernetif.o
    0x08007614   0x08007614   0x00000044   Code   RO         8948    i.ethernetif_input  ethernetif.o
    0x08007658   0x08007658   0x000000d8   Code   RO         5968    i.event_callback    sockets.o
    0x08007730   0x08007730   0x00000240   Code   RO        10236    i.fault_diagnosis   cm_backtrace.o
    0x08007970   0x08007970   0x00000018   Code   RO         3780    i.fputc             bsp_debug_usart.o
    0x08007988   0x08007988   0x00000036   Code   RO         5969    i.free_socket       sockets.o
    0x080079be   0x080079be   0x0000007a   Code   RO         9719    i.get_object_item   cjson.o
    0x08007a38   0x08007a38   0x00000018   Code   RO         5970    i.get_socket        sockets.o
    0x08007a50   0x08007a50   0x00000008   Code   RO         8399    i.icmp_dest_unreach  icmp.o
    0x08007a58   0x08007a58   0x00000180   Code   RO         8400    i.icmp_input        icmp.o
    0x08007bd8   0x08007bd8   0x000000a8   Code   RO         8401    i.icmp_send_response  icmp.o
    0x08007c80   0x08007c80   0x00000008   Code   RO         8402    i.icmp_time_exceeded  icmp.o
    0x08007c88   0x08007c88   0x00000022   Code   RO         8443    i.igmp_delaying_member  igmp.o
    0x08007caa   0x08007caa   0x00000002   PAD
    0x08007cac   0x08007cac   0x0000001c   Code   RO         8444    i.igmp_init         igmp.o
    0x08007cc8   0x08007cc8   0x000000a4   Code   RO         8445    i.igmp_input        igmp.o
    0x08007d6c   0x08007d6c   0x000000d0   Code   RO         8446    i.igmp_joingroup    igmp.o
    0x08007e3c   0x08007e3c   0x00000130   Code   RO         8447    i.igmp_joingroup_netif  igmp.o
    0x08007f6c   0x08007f6c   0x000000d4   Code   RO         8448    i.igmp_leavegroup   igmp.o
    0x08008040   0x08008040   0x0000014c   Code   RO         8449    i.igmp_leavegroup_netif  igmp.o
    0x0800818c   0x0800818c   0x00000014   Code   RO         8450    i.igmp_lookfor_group  igmp.o
    0x080081a0   0x080081a0   0x000000a8   Code   RO         8451    i.igmp_lookup_group  igmp.o
    0x08008248   0x08008248   0x0000001c   Code   RO         8452    i.igmp_report_groups  igmp.o
    0x08008264   0x08008264   0x000000e8   Code   RO         8453    i.igmp_send         igmp.o
    0x0800834c   0x0800834c   0x00000030   Code   RO         8454    i.igmp_start        igmp.o
    0x0800837c   0x0800837c   0x00000028   Code   RO         8455    i.igmp_start_timer  igmp.o
    0x080083a4   0x080083a4   0x00000054   Code   RO         8457    i.igmp_tmr          igmp.o
    0x080083f8   0x080083f8   0x0000000c   Code   RO         6663    i.inet_chksum       inet_chksum.o
    0x08008404   0x08008404   0x0000004a   Code   RO         6664    i.inet_chksum_pbuf  inet_chksum.o
    0x0800844e   0x0800844e   0x0000002e   Code   RO         8643    i.ip4_addr_isbroadcast_u32  ip4_addr.o
    0x0800847c   0x0800847c   0x000001e8   Code   RO         8712    i.ip4_frag          ip4_frag.o
    0x08008664   0x08008664   0x000001b0   Code   RO         8556    i.ip4_input         ip4.o
    0x08008814   0x08008814   0x0000002c   Code   RO         8557    i.ip4_input_accept  ip4.o
    0x08008840   0x08008840   0x0000001e   Code   RO         8559    i.ip4_output_if     ip4.o
    0x0800885e   0x0800885e   0x00000030   Code   RO         8560    i.ip4_output_if_opt  ip4.o
    0x0800888e   0x0800888e   0x00000002   PAD
    0x08008890   0x08008890   0x00000150   Code   RO         8561    i.ip4_output_if_opt_src  ip4.o
    0x080089e0   0x080089e0   0x0000001e   Code   RO         8562    i.ip4_output_if_src  ip4.o
    0x080089fe   0x080089fe   0x00000002   PAD
    0x08008a00   0x08008a00   0x00000228   Code   RO         8713    i.ip4_reass         ip4_frag.o
    0x08008c28   0x08008c28   0x00000070   Code   RO         8563    i.ip4_route         ip4.o
    0x08008c98   0x08008c98   0x00000128   Code   RO         8645    i.ip4addr_aton      ip4_addr.o
    0x08008dc0   0x08008dc0   0x0000000c   Code   RO         8646    i.ip4addr_ntoa      ip4_addr.o
    0x08008dcc   0x08008dcc   0x00000076   Code   RO         8647    i.ip4addr_ntoa_r    ip4_addr.o
    0x08008e42   0x08008e42   0x00000002   PAD
    0x08008e44   0x08008e44   0x00000024   Code   RO         8714    i.ip_frag_free_pbuf_custom_ref  ip4_frag.o
    0x08008e68   0x08008e68   0x000001b4   Code   RO         8715    i.ip_reass_chain_frag_into_datagram_and_validate  ip4_frag.o
    0x0800901c   0x0800901c   0x0000004c   Code   RO         8716    i.ip_reass_dequeue_datagram  ip4_frag.o
    0x08009068   0x08009068   0x00000114   Code   RO         8717    i.ip_reass_free_complete_datagram  ip4_frag.o
    0x0800917c   0x0800917c   0x00000084   Code   RO         8718    i.ip_reass_remove_oldest_datagram  ip4_frag.o
    0x08009200   0x08009200   0x0000002c   Code   RO         8719    i.ip_reass_tmr      ip4_frag.o
    0x0800922c   0x0800922c   0x00000014   Code   RO         8648    i.ipaddr_addr       ip4_addr.o
    0x08009240   0x08009240   0x0000002c   Code   RO         8720    i.ipfrag_free_pbuf_custom  ip4_frag.o
    0x0800926c   0x0800926c   0x00000148   Code   RO         8949    i.low_level_init    ethernetif.o
    0x080093b4   0x080093b4   0x000000bc   Code   RO         8950    i.low_level_input   ethernetif.o
    0x08009470   0x08009470   0x000000d4   Code   RO         8951    i.low_level_output  ethernetif.o
    0x08009544   0x08009544   0x0000007c   Code   RO         5973    i.lwip_close        sockets.o
    0x080095c0   0x080095c0   0x00000090   Code   RO         5974    i.lwip_connect      sockets.o
    0x08009650   0x08009650   0x0000003c   Code   RO         8037    i.lwip_cyclic_timer  timeouts.o
    0x0800968c   0x0800968c   0x00000004   Code   RO         6492    i.lwip_htonl        def.o
    0x08009690   0x08009690   0x00000004   Code   RO         6493    i.lwip_htons        def.o
    0x08009694   0x08009694   0x0000002a   Code   RO         6736    i.lwip_init         init.o
    0x080096be   0x080096be   0x00000002   PAD
    0x080096c0   0x080096c0   0x00000028   Code   RO         5984    i.lwip_link_select_cb  sockets.o
    0x080096e8   0x080096e8   0x000000c4   Code   RO         5500    i.lwip_netconn_do_close  api_msg.o
    0x080097ac   0x080097ac   0x00000238   Code   RO         5501    i.lwip_netconn_do_close_internal  api_msg.o
    0x080099e4   0x080099e4   0x000000f0   Code   RO         5502    i.lwip_netconn_do_connect  api_msg.o
    0x08009ad4   0x08009ad4   0x00000110   Code   RO         5503    i.lwip_netconn_do_connected  api_msg.o
    0x08009be4   0x08009be4   0x0000011c   Code   RO         5504    i.lwip_netconn_do_delconn  api_msg.o
    0x08009d00   0x08009d00   0x00000020   Code   RO         5505    i.lwip_netconn_do_disconnect  api_msg.o
    0x08009d20   0x08009d20   0x0000001a   Code   RO         5506    i.lwip_netconn_do_dns_found  api_msg.o
    0x08009d3a   0x08009d3a   0x00000002   PAD
    0x08009d3c   0x08009d3c   0x0000007c   Code   RO         5507    i.lwip_netconn_do_getaddr  api_msg.o
    0x08009db8   0x08009db8   0x00000078   Code   RO         5508    i.lwip_netconn_do_gethostbyname  api_msg.o
    0x08009e30   0x08009e30   0x00000036   Code   RO         5509    i.lwip_netconn_do_join_leave_group  api_msg.o
    0x08009e66   0x08009e66   0x00000012   Code   RO         5512    i.lwip_netconn_do_newconn  api_msg.o
    0x08009e78   0x08009e78   0x00000044   Code   RO         5513    i.lwip_netconn_do_recv  api_msg.o
    0x08009ebc   0x08009ebc   0x00000042   Code   RO         5514    i.lwip_netconn_do_send  api_msg.o
    0x08009efe   0x08009efe   0x00000002   PAD
    0x08009f00   0x08009f00   0x000000d0   Code   RO         5515    i.lwip_netconn_do_write  api_msg.o
    0x08009fd0   0x08009fd0   0x000002f4   Code   RO         5516    i.lwip_netconn_do_writemore  api_msg.o
    0x0800a2c4   0x0800a2c4   0x00000044   Code   RO         5517    i.lwip_netconn_err_to_msg  api_msg.o
    0x0800a308   0x0800a308   0x00000048   Code   RO         5518    i.lwip_netconn_is_err_msg  api_msg.o
    0x0800a350   0x0800a350   0x0000000e   Code   RO         5990    i.lwip_recv         sockets.o
    0x0800a35e   0x0800a35e   0x00000002   PAD
    0x0800a360   0x0800a360   0x00000188   Code   RO         5991    i.lwip_recv_tcp     sockets.o
    0x0800a4e8   0x0800a4e8   0x000000d0   Code   RO         5992    i.lwip_recvfrom     sockets.o
    0x0800a5b8   0x0800a5b8   0x00000114   Code   RO         5993    i.lwip_recvfrom_udp_raw  sockets.o
    0x0800a6cc   0x0800a6cc   0x000002b0   Code   RO         5995    i.lwip_select       sockets.o
    0x0800a97c   0x0800a97c   0x00000180   Code   RO         5996    i.lwip_selscan      sockets.o
    0x0800aafc   0x0800aafc   0x00000074   Code   RO         5997    i.lwip_send         sockets.o
    0x0800ab70   0x0800ab70   0x000000e8   Code   RO         5999    i.lwip_sendto       sockets.o
    0x0800ac58   0x0800ac58   0x0000006c   Code   RO         6002    i.lwip_shutdown     sockets.o
    0x0800acc4   0x0800acc4   0x000000a4   Code   RO         6003    i.lwip_sock_make_addr  sockets.o
    0x0800ad68   0x0800ad68   0x00000068   Code   RO         6004    i.lwip_socket       sockets.o
    0x0800add0   0x0800add0   0x00000048   Code   RO         6006    i.lwip_socket_drop_registered_memberships  sockets.o
    0x0800ae18   0x0800ae18   0x00000056   Code   RO         6671    i.lwip_standard_chksum  inet_chksum.o
    0x0800ae6e   0x0800ae6e   0x00000032   Code   RO         6496    i.lwip_strnicmp     def.o
    0x0800aea0   0x0800aea0   0x0000007c   Code   RO         6011    i.lwip_unlink_select_cb  sockets.o
    0x0800af1c   0x0800af1c   0x00000006   Code   RO         6012    i.lwip_write        sockets.o
    0x0800af22   0x0800af22   0x00000002   PAD
    0x0800af24   0x0800af24   0x00000044   Code   RO         3593    i.main              main.o
    0x0800af68   0x0800af68   0x00000158   Code   RO         6830    i.mem_free          mem.o
    0x0800b0c0   0x0800b0c0   0x00000068   Code   RO         6831    i.mem_init          mem.o
    0x0800b128   0x0800b128   0x000001d0   Code   RO         6832    i.mem_malloc        mem.o
    0x0800b2f8   0x0800b2f8   0x00000010   Code   RO         6833    i.mem_to_ptr        mem.o
    0x0800b308   0x0800b308   0x0000016c   Code   RO         6834    i.mem_trim          mem.o
    0x0800b474   0x0800b474   0x0000003c   Code   RO         6898    i.memp_free         memp.o
    0x0800b4b0   0x0800b4b0   0x0000001c   Code   RO         6900    i.memp_init         memp.o
    0x0800b4cc   0x0800b4cc   0x0000002a   Code   RO         6901    i.memp_init_pool    memp.o
    0x0800b4f6   0x0800b4f6   0x00000002   PAD
    0x0800b4f8   0x0800b4f8   0x00000044   Code   RO         6902    i.memp_malloc       memp.o
    0x0800b53c   0x0800b53c   0x000000dc   Code   RO         4044    i.mqtt_pktype_ctl   mqttclient.o
    0x0800b618   0x0800b618   0x00000130   Code   RO         4045    i.mqtt_recv_thread  mqttclient.o
    0x0800b748   0x0800b748   0x0000014c   Code   RO         4046    i.mqtt_send_thread  mqttclient.o
    0x0800b894   0x0800b894   0x00000058   Code   RO         4047    i.mqtt_thread_init  mqttclient.o
    0x0800b8ec   0x0800b8ec   0x00000022   Code   RO         5808    i.netbuf_delete     netbuf.o
    0x0800b90e   0x0800b90e   0x00000002   PAD
    0x0800b910   0x0800b910   0x0000003c   Code   RO         5810    i.netbuf_free       netbuf.o
    0x0800b94c   0x0800b94c   0x00000060   Code   RO         5813    i.netbuf_ref        netbuf.o
    0x0800b9ac   0x0800b9ac   0x000000a4   Code   RO         5519    i.netconn_alloc     api_msg.o
    0x0800ba50   0x0800ba50   0x00000016   Code   RO         5220    i.netconn_apimsg    api_lib.o
    0x0800ba66   0x0800ba66   0x00000002   PAD
    0x0800ba68   0x0800ba68   0x0000004c   Code   RO         5224    i.netconn_close_shutdown  api_lib.o
    0x0800bab4   0x0800bab4   0x00000054   Code   RO         5225    i.netconn_connect   api_lib.o
    0x0800bb08   0x0800bb08   0x0000001e   Code   RO         5226    i.netconn_delete    api_lib.o
    0x0800bb26   0x0800bb26   0x00000002   PAD
    0x0800bb28   0x0800bb28   0x00000048   Code   RO         5227    i.netconn_disconnect  api_lib.o
    0x0800bb70   0x0800bb70   0x0000009c   Code   RO         5520    i.netconn_drain     api_msg.o
    0x0800bc0c   0x0800bc0c   0x0000001e   Code   RO         5228    i.netconn_err       api_lib.o
    0x0800bc2a   0x0800bc2a   0x00000002   PAD
    0x0800bc2c   0x0800bc2c   0x000000f4   Code   RO         5521    i.netconn_free      api_msg.o
    0x0800bd20   0x0800bd20   0x0000009c   Code   RO         5229    i.netconn_getaddr   api_lib.o
    0x0800bdbc   0x0800bdbc   0x000000a0   Code   RO         5230    i.netconn_gethostbyname  api_lib.o
    0x0800be5c   0x0800be5c   0x00000064   Code   RO         5231    i.netconn_join_leave_group  api_lib.o
    0x0800bec0   0x0800bec0   0x00000100   Code   RO         5234    i.netconn_new_with_proto_and_callback  api_lib.o
    0x0800bfc0   0x0800bfc0   0x00000020   Code   RO         5235    i.netconn_prepare_delete  api_lib.o
    0x0800bfe0   0x0800bfe0   0x00000128   Code   RO         5237    i.netconn_recv_data  api_lib.o
    0x0800c108   0x0800c108   0x00000098   Code   RO         5238    i.netconn_recv_data_tcp  api_lib.o
    0x0800c1a0   0x0800c1a0   0x00000048   Code   RO         5240    i.netconn_recv_tcp_pbuf_flags  api_lib.o
    0x0800c1e8   0x0800c1e8   0x00000050   Code   RO         5242    i.netconn_recv_udp_raw_netbuf_flags  api_lib.o
    0x0800c238   0x0800c238   0x00000044   Code   RO         5243    i.netconn_send      api_lib.o
    0x0800c27c   0x0800c27c   0x0000000e   Code   RO         5245    i.netconn_shutdown  api_lib.o
    0x0800c28a   0x0800c28a   0x00000002   PAD
    0x0800c28c   0x0800c28c   0x0000004c   Code   RO         5246    i.netconn_tcp_recvd  api_lib.o
    0x0800c2d8   0x0800c2d8   0x00000054   Code   RO         5247    i.netconn_tcp_recvd_msg  api_lib.o
    0x0800c32c   0x0800c32c   0x00000014   Code   RO         5248    i.netconn_write_partly  api_lib.o
    0x0800c340   0x0800c340   0x0000011c   Code   RO         5249    i.netconn_write_vectors_partly  api_lib.o
    0x0800c45c   0x0800c45c   0x00000168   Code   RO         7042    i.netif_add         netif.o
    0x0800c5c4   0x0800c5c4   0x00000016   Code   RO         7044    i.netif_do_ip_addr_changed  netif.o
    0x0800c5da   0x0800c5da   0x00000016   Code   RO         7045    i.netif_do_set_gw   netif.o
    0x0800c5f0   0x0800c5f0   0x00000058   Code   RO         7046    i.netif_do_set_ipaddr  netif.o
    0x0800c648   0x0800c648   0x00000016   Code   RO         7047    i.netif_do_set_netmask  netif.o
    0x0800c65e   0x0800c65e   0x00000002   PAD
    0x0800c660   0x0800c660   0x00000024   Code   RO         7049    i.netif_get_by_index  netif.o
    0x0800c684   0x0800c684   0x00000002   Code   RO         7051    i.netif_init        netif.o
    0x0800c686   0x0800c686   0x00000002   PAD
    0x0800c688   0x0800c688   0x00000068   Code   RO         7053    i.netif_issue_reports  netif.o
    0x0800c6f0   0x0800c6f0   0x00000006   Code   RO         7055    i.netif_null_output_ip4  netif.o
    0x0800c6f6   0x0800c6f6   0x00000002   PAD
    0x0800c6f8   0x0800c6f8   0x00000060   Code   RO         7057    i.netif_set_addr    netif.o
    0x0800c758   0x0800c758   0x0000000c   Code   RO         7058    i.netif_set_default  netif.o
    0x0800c764   0x0800c764   0x00000044   Code   RO         7059    i.netif_set_down    netif.o
    0x0800c7a8   0x0800c7a8   0x0000003c   Code   RO         7065    i.netif_set_up      netif.o
    0x0800c7e4   0x0800c7e4   0x000000cc   Code   RO         9720    i.parse_array       cjson.o
    0x0800c8b0   0x0800c8b0   0x00000040   Code   RO         9721    i.parse_hex4        cjson.o
    0x0800c8f0   0x0800c8f0   0x00000100   Code   RO         9722    i.parse_number      cjson.o
    0x0800c9f0   0x0800c9f0   0x00000106   Code   RO         9723    i.parse_object      cjson.o
    0x0800caf6   0x0800caf6   0x00000126   Code   RO         9724    i.parse_string      cjson.o
    0x0800cc1c   0x0800cc1c   0x000000fc   Code   RO         9725    i.parse_value       cjson.o
    0x0800cd18   0x0800cd18   0x00000006   Code   RO         7220    i.pbuf_add_header   pbuf.o
    0x0800cd1e   0x0800cd1e   0x00000002   PAD
    0x0800cd20   0x0800cd20   0x00000060   Code   RO         7222    i.pbuf_add_header_impl  pbuf.o
    0x0800cd80   0x0800cd80   0x000001b8   Code   RO         7223    i.pbuf_alloc        pbuf.o
    0x0800cf38   0x0800cf38   0x00000050   Code   RO         7224    i.pbuf_alloc_reference  pbuf.o
    0x0800cf88   0x0800cf88   0x00000038   Code   RO         7225    i.pbuf_alloced_custom  pbuf.o
    0x0800cfc0   0x0800cfc0   0x000000c0   Code   RO         7226    i.pbuf_cat          pbuf.o
    0x0800d080   0x0800d080   0x00000012   Code   RO         7227    i.pbuf_chain        pbuf.o
    0x0800d092   0x0800d092   0x00000012   Code   RO         7228    i.pbuf_clen         pbuf.o
    0x0800d0a4   0x0800d0a4   0x0000003c   Code   RO         7229    i.pbuf_clone        pbuf.o
    0x0800d0e0   0x0800d0e0   0x00000158   Code   RO         7231    i.pbuf_copy         pbuf.o
    0x0800d238   0x0800d238   0x000000b4   Code   RO         7232    i.pbuf_copy_partial  pbuf.o
    0x0800d2ec   0x0800d2ec   0x000000e8   Code   RO         7234    i.pbuf_free         pbuf.o
    0x0800d3d4   0x0800d3d4   0x00000032   Code   RO         7235    i.pbuf_free_header  pbuf.o
    0x0800d406   0x0800d406   0x00000006   Code   RO         7239    i.pbuf_header_force  pbuf.o
    0x0800d40c   0x0800d40c   0x0000000e   Code   RO         7240    i.pbuf_header_impl  pbuf.o
    0x0800d41a   0x0800d41a   0x0000001c   Code   RO         7241    i.pbuf_init_alloced_pbuf  pbuf.o
    0x0800d436   0x0800d436   0x0000001e   Code   RO         7244    i.pbuf_put_at       pbuf.o
    0x0800d454   0x0800d454   0x000000bc   Code   RO         7245    i.pbuf_realloc      pbuf.o
    0x0800d510   0x0800d510   0x0000003c   Code   RO         7246    i.pbuf_ref          pbuf.o
    0x0800d54c   0x0800d54c   0x00000068   Code   RO         7247    i.pbuf_remove_header  pbuf.o
    0x0800d5b4   0x0800d5b4   0x00000004   Code   RO         7248    i.pbuf_skip         pbuf.o
    0x0800d5b8   0x0800d5b8   0x00000018   Code   RO         7249    i.pbuf_skip_const   pbuf.o
    0x0800d5d0   0x0800d5d0   0x000000f8   Code   RO         7251    i.pbuf_take         pbuf.o
    0x0800d6c8   0x0800d6c8   0x00000080   Code   RO         7252    i.pbuf_take_at      pbuf.o
    0x0800d748   0x0800d748   0x00000020   Code   RO         7253    i.pbuf_try_get_at   pbuf.o
    0x0800d768   0x0800d768   0x00000090   Code   RO         5522    i.pcb_new           api_msg.o
    0x0800d7f8   0x0800d7f8   0x00000128   Code   RO         6835    i.plug_holes        mem.o
    0x0800d920   0x0800d920   0x00000080   Code   RO         5523    i.poll_tcp          api_msg.o
    0x0800d9a0   0x0800d9a0   0x00000098   Code   RO         9726    i.print             cjson.o
    0x0800da38   0x0800da38   0x00000096   Code   RO         9727    i.print_array       cjson.o
    0x0800dace   0x0800dace   0x00000002   PAD
    0x0800dad0   0x0800dad0   0x0000008c   Code   RO        10237    i.print_call_stack  cm_backtrace.o
    0x0800db5c   0x0800db5c   0x000000a8   Code   RO         9728    i.print_number      cjson.o
    0x0800dc04   0x0800dc04   0x00000136   Code   RO         9729    i.print_object      cjson.o
    0x0800dd3a   0x0800dd3a   0x00000002   PAD
    0x0800dd3c   0x0800dd3c   0x00000110   Code   RO         9730    i.print_string_ptr  cjson.o
    0x0800de4c   0x0800de4c   0x000000d0   Code   RO         9731    i.print_value       cjson.o
    0x0800df1c   0x0800df1c   0x00000070   Code   RO         4736    i.prvAddCurrentTaskToDelayedList  tasks.o
    0x0800df8c   0x0800df8c   0x000000d0   Code   RO         4737    i.prvAddNewTaskToReadyList  tasks.o
    0x0800e05c   0x0800e05c   0x00000054   Code   RO         4738    i.prvCheckTasksWaitingTermination  tasks.o
    0x0800e0b0   0x0800e0b0   0x00000026   Code   RO         4565    i.prvCopyDataFromQueue  queue.o
    0x0800e0d6   0x0800e0d6   0x0000006c   Code   RO         4566    i.prvCopyDataToQueue  queue.o
    0x0800e142   0x0800e142   0x00000014   Code   RO         4739    i.prvDeleteTCB      tasks.o
    0x0800e156   0x0800e156   0x00000002   PAD
    0x0800e158   0x0800e158   0x0000004c   Code   RO         5069    i.prvHeapInit       heap_4.o
    0x0800e1a4   0x0800e1a4   0x00000028   Code   RO         4740    i.prvIdleTask       tasks.o
    0x0800e1cc   0x0800e1cc   0x000000b8   Code   RO         4741    i.prvInitialiseNewTask  tasks.o
    0x0800e284   0x0800e284   0x0000004c   Code   RO         5070    i.prvInsertBlockIntoFreeList  heap_4.o
    0x0800e2d0   0x0800e2d0   0x0000001a   Code   RO         4567    i.prvIsQueueEmpty   queue.o
    0x0800e2ea   0x0800e2ea   0x00000002   PAD
    0x0800e2ec   0x0800e2ec   0x00000020   Code   RO         4742    i.prvResetNextTaskUnblockTime  tasks.o
    0x0800e30c   0x0800e30c   0x00000060   Code   RO         5131    i.prvTaskExitError  port.o
    0x0800e36c   0x0800e36c   0x0000006a   Code   RO         4568    i.prvUnlockQueue    queue.o
    0x0800e3d6   0x0800e3d6   0x00000002   PAD
    0x0800e3d8   0x0800e3d8   0x0000000c   Code   RO         6836    i.ptr_to_mem        mem.o
    0x0800e3e4   0x0800e3e4   0x00000110   Code   RO         5071    i.pvPortMalloc      heap_4.o
    0x0800e4f4   0x0800e4f4   0x00000018   Code   RO         4744    i.pvTaskIncrementMutexHeldCount  tasks.o
    0x0800e50c   0x0800e50c   0x0000002c   Code   RO         5132    i.pxPortInitialiseStack  port.o
    0x0800e538   0x0800e538   0x0000000c   Code   RO         9360    i.readChar          mqttpacket.o
    0x0800e544   0x0800e544   0x00000012   Code   RO         9361    i.readInt           mqttpacket.o
    0x0800e556   0x0800e556   0x00000034   Code   RO         9362    i.readMQTTLenString  mqttpacket.o
    0x0800e58a   0x0800e58a   0x00000002   PAD
    0x0800e58c   0x0800e58c   0x00000104   Code   RO         5524    i.recv_tcp          api_msg.o
    0x0800e690   0x0800e690   0x000000f0   Code   RO         5525    i.recv_udp          api_msg.o
    0x0800e780   0x0800e780   0x000000d4   Code   RO         6014    i.select_check_waiters  sockets.o
    0x0800e854   0x0800e854   0x00000074   Code   RO         5526    i.sent_tcp          api_msg.o
    0x0800e8c8   0x0800e8c8   0x00000044   Code   RO         5527    i.setup_tcp         api_msg.o
    0x0800e90c   0x0800e90c   0x00000042   Code   RO         9010    i.sys_arch_mbox_fetch  sys_arch.o
    0x0800e94e   0x0800e94e   0x0000001e   Code   RO         9011    i.sys_arch_mbox_tryfetch  sys_arch.o
    0x0800e96c   0x0800e96c   0x0000000a   Code   RO         9012    i.sys_arch_protect  sys_arch.o
    0x0800e976   0x0800e976   0x0000003a   Code   RO         9013    i.sys_arch_sem_wait  sys_arch.o
    0x0800e9b0   0x0800e9b0   0x00000004   Code   RO         9015    i.sys_arch_unprotect  sys_arch.o
    0x0800e9b4   0x0800e9b4   0x00000040   Code   RO         8038    i.sys_check_timeouts  timeouts.o
    0x0800e9f4   0x0800e9f4   0x00000024   Code   RO         9016    i.sys_init          sys_arch.o
    0x0800ea18   0x0800ea18   0x00000014   Code   RO         9018    i.sys_mbox_free     sys_arch.o
    0x0800ea2c   0x0800ea2c   0x0000001e   Code   RO         9019    i.sys_mbox_new      sys_arch.o
    0x0800ea4a   0x0800ea4a   0x00000006   Code   RO         9021    i.sys_mbox_set_invalid  sys_arch.o
    0x0800ea50   0x0800ea50   0x0000001c   Code   RO         9022    i.sys_mbox_trypost  sys_arch.o
    0x0800ea6c   0x0800ea6c   0x0000000a   Code   RO         9024    i.sys_mbox_valid    sys_arch.o
    0x0800ea76   0x0800ea76   0x0000000c   Code   RO         9026    i.sys_mutex_lock    sys_arch.o
    0x0800ea82   0x0800ea82   0x00000002   PAD
    0x0800ea84   0x0800ea84   0x0000003c   Code   RO         9027    i.sys_mutex_new     sys_arch.o
    0x0800eac0   0x0800eac0   0x0000000c   Code   RO         9029    i.sys_mutex_unlock  sys_arch.o
    0x0800eacc   0x0800eacc   0x00000010   Code   RO         9030    i.sys_now           sys_arch.o
    0x0800eadc   0x0800eadc   0x00000010   Code   RO         9031    i.sys_sem_free      sys_arch.o
    0x0800eaec   0x0800eaec   0x00000058   Code   RO         9032    i.sys_sem_new       sys_arch.o
    0x0800eb44   0x0800eb44   0x00000006   Code   RO         9033    i.sys_sem_set_invalid  sys_arch.o
    0x0800eb4a   0x0800eb4a   0x00000002   PAD
    0x0800eb4c   0x0800eb4c   0x00000040   Code   RO         9034    i.sys_sem_signal    sys_arch.o
    0x0800eb8c   0x0800eb8c   0x0000000a   Code   RO         9035    i.sys_sem_valid     sys_arch.o
    0x0800eb96   0x0800eb96   0x00000002   PAD
    0x0800eb98   0x0800eb98   0x0000005c   Code   RO         9036    i.sys_thread_new    sys_arch.o
    0x0800ebf4   0x0800ebf4   0x00000060   Code   RO         8040    i.sys_timeout       timeouts.o
    0x0800ec54   0x0800ec54   0x00000098   Code   RO         8041    i.sys_timeout_abs   timeouts.o
    0x0800ecec   0x0800ecec   0x00000024   Code   RO         8042    i.sys_timeouts_init  timeouts.o
    0x0800ed10   0x0800ed10   0x00000028   Code   RO         8043    i.sys_timeouts_sleeptime  timeouts.o
    0x0800ed38   0x0800ed38   0x0000013c   Code   RO         7496    i.tcp_abandon       tcp.o
    0x0800ee74   0x0800ee74   0x00000006   Code   RO         7497    i.tcp_abort         tcp.o
    0x0800ee7a   0x0800ee7a   0x0000000e   Code   RO         7498    i.tcp_accept        tcp.o
    0x0800ee88   0x0800ee88   0x00000128   Code   RO         7500    i.tcp_alloc         tcp.o
    0x0800efb0   0x0800efb0   0x00000008   Code   RO         7501    i.tcp_arg           tcp.o
    0x0800efb8   0x0800efb8   0x00000040   Code   RO         7504    i.tcp_close         tcp.o
    0x0800eff8   0x0800eff8   0x00000168   Code   RO         7505    i.tcp_close_shutdown  tcp.o
    0x0800f160   0x0800f160   0x00000064   Code   RO         7506    i.tcp_close_shutdown_fin  tcp.o
    0x0800f1c4   0x0800f1c4   0x00000174   Code   RO         7507    i.tcp_connect       tcp.o
    0x0800f338   0x0800f338   0x00000110   Code   RO         7877    i.tcp_create_segment  tcp_out.o
    0x0800f448   0x0800f448   0x00000054   Code   RO         7509    i.tcp_eff_send_mss_netif  tcp.o
    0x0800f49c   0x0800f49c   0x000001a4   Code   RO         7878    i.tcp_enqueue_flags  tcp_out.o
    0x0800f640   0x0800f640   0x00000044   Code   RO         7510    i.tcp_err           tcp.o
    0x0800f684   0x0800f684   0x0000006c   Code   RO         7511    i.tcp_fasttmr       tcp.o
    0x0800f6f0   0x0800f6f0   0x00000030   Code   RO         7512    i.tcp_free          tcp.o
    0x0800f720   0x0800f720   0x000000d4   Code   RO         7793    i.tcp_free_acked_segments  tcp_in.o
    0x0800f7f4   0x0800f7f4   0x00000028   Code   RO         7794    i.tcp_get_next_optbyte  tcp_in.o
    0x0800f81c   0x0800f81c   0x00000018   Code   RO         7513    i.tcp_init          tcp.o
    0x0800f834   0x0800f834   0x00000590   Code   RO         7795    i.tcp_input         tcp_in.o
    0x0800fdc4   0x0800fdc4   0x00000070   Code   RO         7796    i.tcp_input_delayed_close  tcp_in.o
    0x0800fe34   0x0800fe34   0x00000068   Code   RO         7879    i.tcp_keepalive     tcp_out.o
    0x0800fe9c   0x0800fe9c   0x0000005c   Code   RO         7514    i.tcp_kill_state    tcp.o
    0x0800fef8   0x0800fef8   0x0000009c   Code   RO         7515    i.tcp_listen_closed  tcp.o
    0x0800ff94   0x0800ff94   0x00000130   Code   RO         7797    i.tcp_listen_input  tcp_in.o
    0x080100c4   0x080100c4   0x0000004c   Code   RO         7518    i.tcp_netif_ip_addr_changed  tcp.o
    0x08010110   0x08010110   0x00000060   Code   RO         7519    i.tcp_netif_ip_addr_changed_pcblist  tcp.o
    0x08010170   0x08010170   0x00000006   Code   RO         7521    i.tcp_new_ip_type   tcp.o
    0x08010176   0x08010176   0x00000002   PAD
    0x08010178   0x08010178   0x0000005c   Code   RO         7522    i.tcp_new_port      tcp.o
    0x080101d4   0x080101d4   0x00000038   Code   RO         7523    i.tcp_next_iss      tcp.o
    0x0801020c   0x0801020c   0x00000270   Code   RO         7880    i.tcp_output        tcp_out.o
    0x0801047c   0x0801047c   0x00000068   Code   RO         7881    i.tcp_output_alloc_header  tcp_out.o
    0x080104e4   0x080104e4   0x000000ac   Code   RO         7882    i.tcp_output_alloc_header_common  tcp_out.o
    0x08010590   0x08010590   0x0000007c   Code   RO         7883    i.tcp_output_control_segment  tcp_out.o
    0x0801060c   0x0801060c   0x0000006c   Code   RO         7884    i.tcp_output_fill_options  tcp_out.o
    0x08010678   0x08010678   0x0000015c   Code   RO         7885    i.tcp_output_segment  tcp_out.o
    0x080107d4   0x080107d4   0x00000044   Code   RO         7886    i.tcp_output_segment_busy  tcp_out.o
    0x08010818   0x08010818   0x00000098   Code   RO         7798    i.tcp_parseopt      tcp_in.o
    0x080108b0   0x080108b0   0x000000dc   Code   RO         7887    i.tcp_pbuf_prealloc  tcp_out.o
    0x0801098c   0x0801098c   0x00000064   Code   RO         7524    i.tcp_pcb_purge     tcp.o
    0x080109f0   0x080109f0   0x000000ec   Code   RO         7525    i.tcp_pcb_remove    tcp.o
    0x08010adc   0x08010adc   0x00000064   Code   RO         7526    i.tcp_poll          tcp.o
    0x08010b40   0x08010b40   0x0000044c   Code   RO         7799    i.tcp_process       tcp_in.o
    0x08010f8c   0x08010f8c   0x000000a4   Code   RO         7527    i.tcp_process_refused_data  tcp.o
    0x08011030   0x08011030   0x000004e0   Code   RO         7800    i.tcp_receive       tcp_in.o
    0x08011510   0x08011510   0x00000044   Code   RO         7528    i.tcp_recv          tcp.o
    0x08011554   0x08011554   0x00000050   Code   RO         7529    i.tcp_recv_null     tcp.o
    0x080115a4   0x080115a4   0x0000009c   Code   RO         7530    i.tcp_recved        tcp.o
    0x08011640   0x08011640   0x00000088   Code   RO         7888    i.tcp_rexmit        tcp_out.o
    0x080116c8   0x080116c8   0x00000084   Code   RO         7889    i.tcp_rexmit_fast   tcp_out.o
    0x0801174c   0x0801174c   0x00000040   Code   RO         7890    i.tcp_rexmit_rto    tcp_out.o
    0x0801178c   0x0801178c   0x00000048   Code   RO         7891    i.tcp_rexmit_rto_commit  tcp_out.o
    0x080117d4   0x080117d4   0x00000094   Code   RO         7892    i.tcp_rexmit_rto_prepare  tcp_out.o
    0x08011868   0x08011868   0x00000010   Code   RO         7893    i.tcp_route         tcp_out.o
    0x08011878   0x08011878   0x000000a8   Code   RO         7894    i.tcp_rst           tcp_out.o
    0x08011920   0x08011920   0x0000001c   Code   RO         7531    i.tcp_seg_free      tcp.o
    0x0801193c   0x0801193c   0x00000012   Code   RO         7532    i.tcp_segs_free     tcp.o
    0x0801194e   0x0801194e   0x00000002   PAD
    0x08011950   0x08011950   0x00000088   Code   RO         7895    i.tcp_send_empty_ack  tcp_out.o
    0x080119d8   0x080119d8   0x0000006c   Code   RO         7896    i.tcp_send_fin      tcp_out.o
    0x08011a44   0x08011a44   0x00000040   Code   RO         7533    i.tcp_sent          tcp.o
    0x08011a84   0x08011a84   0x00000078   Code   RO         7535    i.tcp_shutdown      tcp.o
    0x08011afc   0x08011afc   0x000004f8   Code   RO         7536    i.tcp_slowtmr       tcp.o
    0x08011ff4   0x08011ff4   0x000001b0   Code   RO         7897    i.tcp_split_unsent_seg  tcp_out.o
    0x080121a4   0x080121a4   0x00000034   Code   RO         8045    i.tcp_timer_needed  timeouts.o
    0x080121d8   0x080121d8   0x00000098   Code   RO         7801    i.tcp_timewait_input  tcp_in.o
    0x08012270   0x08012270   0x00000020   Code   RO         7538    i.tcp_tmr           tcp.o
    0x08012290   0x08012290   0x00000010   Code   RO         7802    i.tcp_trigger_input_pcb_close  tcp_in.o
    0x080122a0   0x080122a0   0x0000008c   Code   RO         7540    i.tcp_update_rcv_ann_wnd  tcp.o
    0x0801232c   0x0801232c   0x000005d0   Code   RO         7898    i.tcp_write         tcp_out.o
    0x080128fc   0x080128fc   0x000000fc   Code   RO         7899    i.tcp_write_checks  tcp_out.o
    0x080129f8   0x080129f8   0x000000e4   Code   RO         7900    i.tcp_zero_window_probe  tcp_out.o
    0x08012adc   0x08012adc   0x0000009c   Code   RO         6298    i.tcpip_init        tcpip.o
    0x08012b78   0x08012b78   0x00000060   Code   RO         6299    i.tcpip_inpkt       tcpip.o
    0x08012bd8   0x08012bd8   0x0000001c   Code   RO         6300    i.tcpip_input       tcpip.o
    0x08012bf4   0x08012bf4   0x00000020   Code   RO         6301    i.tcpip_send_msg_wait_sem  tcpip.o
    0x08012c14   0x08012c14   0x00000038   Code   RO         8046    i.tcpip_tcp_timer   timeouts.o
    0x08012c4c   0x08012c4c   0x00000098   Code   RO         6302    i.tcpip_thread      tcpip.o
    0x08012ce4   0x08012ce4   0x0000006c   Code   RO         6303    i.tcpip_thread_handle_msg  tcpip.o
    0x08012d50   0x08012d50   0x00000028   Code   RO         9587    i.transport_close   transport.o
    0x08012d78   0x08012d78   0x00000014   Code   RO         9588    i.transport_getdata  transport.o
    0x08012d8c   0x08012d8c   0x00000058   Code   RO         9589    i.transport_open    transport.o
    0x08012de4   0x08012de4   0x00000010   Code   RO         9590    i.transport_sendPacketBuffer  transport.o
    0x08012df4   0x08012df4   0x00000012   Code   RO         6015    i.tryget_socket     sockets.o
    0x08012e06   0x08012e06   0x00000004   Code   RO         6016    i.tryget_socket_unconn_locked  sockets.o
    0x08012e0a   0x08012e0a   0x00000002   PAD
    0x08012e0c   0x08012e0c   0x00000014   Code   RO         6017    i.tryget_socket_unconn_nouse  sockets.o
    0x08012e20   0x08012e20   0x000000d8   Code   RO         8129    i.udp_bind          udp.o
    0x08012ef8   0x08012ef8   0x00000098   Code   RO         8131    i.udp_connect       udp.o
    0x08012f90   0x08012f90   0x00000038   Code   RO         8132    i.udp_disconnect    udp.o
    0x08012fc8   0x08012fc8   0x00000018   Code   RO         8133    i.udp_init          udp.o
    0x08012fe0   0x08012fe0   0x00000178   Code   RO         8134    i.udp_input         udp.o
    0x08013158   0x08013158   0x000000ac   Code   RO         8135    i.udp_input_local_match  udp.o
    0x08013204   0x08013204   0x00000034   Code   RO         8136    i.udp_netif_ip_addr_changed  udp.o
    0x08013238   0x08013238   0x0000001c   Code   RO         8137    i.udp_new           udp.o
    0x08013254   0x08013254   0x00000004   Code   RO         8138    i.udp_new_ip_type   udp.o
    0x08013258   0x08013258   0x00000028   Code   RO         8139    i.udp_recv          udp.o
    0x08013280   0x08013280   0x00000050   Code   RO         8140    i.udp_remove        udp.o
    0x080132d0   0x080132d0   0x00000054   Code   RO         8141    i.udp_send          udp.o
    0x08013324   0x08013324   0x000000d0   Code   RO         8142    i.udp_sendto        udp.o
    0x080133f4   0x080133f4   0x000000c8   Code   RO         8143    i.udp_sendto_if     udp.o
    0x080134bc   0x080134bc   0x000001f0   Code   RO         8144    i.udp_sendto_if_src  udp.o
    0x080136ac   0x080136ac   0x0000001c   Code   RO         9733    i.update_offset     cjson.o
    0x080136c8   0x080136c8   0x000000d0   Code   RO         9734    i.utf16_literal_to_utf8  cjson.o
    0x08013798   0x08013798   0x00000024   Code   RO         4516    i.uxListRemove      list.o
    0x080137bc   0x080137bc   0x00000048   Code   RO         4569    i.uxQueueMessagesWaiting  queue.o
    0x08013804   0x08013804   0x00000016   Code   RO         4517    i.vListInitialise   list.o
    0x0801381a   0x0801381a   0x00000006   Code   RO         4518    i.vListInitialiseItem  list.o
    0x08013820   0x08013820   0x00000030   Code   RO         4519    i.vListInsert       list.o
    0x08013850   0x08013850   0x00000018   Code   RO         4520    i.vListInsertEnd    list.o
    0x08013868   0x08013868   0x00000074   Code   RO         5134    i.vPortEnterCritical  port.o
    0x080138dc   0x080138dc   0x00000060   Code   RO         5135    i.vPortExitCritical  port.o
    0x0801393c   0x0801393c   0x00000098   Code   RO         5072    i.vPortFree         heap_4.o
    0x080139d4   0x080139d4   0x00000020   Code   RO         5136    i.vPortSetupTimerInterrupt  port.o
    0x080139f4   0x080139f4   0x00000088   Code   RO         5137    i.vPortValidateInterruptPriority  port.o
    0x08013a7c   0x08013a7c   0x0000004c   Code   RO         4573    i.vQueueDelete      queue.o
    0x08013ac8   0x08013ac8   0x00000028   Code   RO         4574    i.vQueueUnregisterQueue  queue.o
    0x08013af0   0x08013af0   0x00000070   Code   RO         4750    i.vTaskDelay        tasks.o
    0x08013b60   0x08013b60   0x0000000c   Code   RO         4754    i.vTaskMissedYield  tasks.o
    0x08013b6c   0x08013b6c   0x00000058   Code   RO         4756    i.vTaskPlaceOnEventList  tasks.o
    0x08013bc4   0x08013bc4   0x00000084   Code   RO         4758    i.vTaskPriorityInherit  tasks.o
    0x08013c48   0x08013c48   0x0000004c   Code   RO         4761    i.vTaskSetTimeOutState  tasks.o
    0x08013c94   0x08013c94   0x00000090   Code   RO         4762    i.vTaskStartScheduler  tasks.o
    0x08013d24   0x08013d24   0x00000010   Code   RO         4764    i.vTaskSuspendAll   tasks.o
    0x08013d34   0x08013d34   0x00000080   Code   RO         4765    i.vTaskSwitchContext  tasks.o
    0x08013db4   0x08013db4   0x00000028   Code   RO         9363    i.writeCString      mqttpacket.o
    0x08013ddc   0x08013ddc   0x0000000c   Code   RO         9364    i.writeChar         mqttpacket.o
    0x08013de8   0x08013de8   0x0000001e   Code   RO         9365    i.writeInt          mqttpacket.o
    0x08013e06   0x08013e06   0x00000036   Code   RO         9366    i.writeMQTTString   mqttpacket.o
    0x08013e3c   0x08013e3c   0x00000110   Code   RO         5138    i.xPortStartScheduler  port.o
    0x08013f4c   0x08013f4c   0x0000002c   Code   RO         5139    i.xPortSysTickHandler  port.o
    0x08013f78   0x08013f78   0x00000060   Code   RO         4575    i.xQueueCreateCountingSemaphore  queue.o
    0x08013fd8   0x08013fd8   0x00000024   Code   RO         4576    i.xQueueCreateMutex  queue.o
    0x08013ffc   0x08013ffc   0x0000007c   Code   RO         4577    i.xQueueGenericCreate  queue.o
    0x08014078   0x08014078   0x00000188   Code   RO         4578    i.xQueueGenericReceive  queue.o
    0x08014200   0x08014200   0x000000ac   Code   RO         4579    i.xQueueGenericReset  queue.o
    0x080142ac   0x080142ac   0x00000178   Code   RO         4580    i.xQueueGenericSend  queue.o
    0x08014424   0x08014424   0x000000b8   Code   RO         4582    i.xQueueGiveFromISR  queue.o
    0x080144dc   0x080144dc   0x0000008c   Code   RO         4766    i.xTaskCheckForTimeOut  tasks.o
    0x08014568   0x08014568   0x00000056   Code   RO         4767    i.xTaskCreate       tasks.o
    0x080145be   0x080145be   0x00000002   PAD
    0x080145c0   0x080145c0   0x0000001c   Code   RO         4771    i.xTaskGetSchedulerState  tasks.o
    0x080145dc   0x080145dc   0x0000000c   Code   RO         4772    i.xTaskGetTickCount  tasks.o
    0x080145e8   0x080145e8   0x000000ec   Code   RO         4774    i.xTaskIncrementTick  tasks.o
    0x080146d4   0x080146d4   0x000000b8   Code   RO         4777    i.xTaskPriorityDisinherit  tasks.o
    0x0801478c   0x0801478c   0x0000009c   Code   RO         4778    i.xTaskRemoveFromEventList  tasks.o
    0x08014828   0x08014828   0x000000e8   Code   RO         4780    i.xTaskResumeAll    tasks.o
    0x08014910   0x08014910   0x00000010   Data   RO           15    .constdata          system_stm32f4xx.o
    0x08014920   0x08014920   0x00000008   Data   RO           16    .constdata          system_stm32f4xx.o
    0x08014928   0x08014928   0x00000058   Data   RO         4049    .constdata          mqttclient.o
    0x08014980   0x08014980   0x00000003   Data   RO         5528    .constdata          api_msg.o
    0x08014983   0x08014983   0x00000001   PAD
    0x08014984   0x08014984   0x00000044   Data   RO         5723    .constdata          err.o
    0x080149c8   0x080149c8   0x0000000c   Data   RO         6919    .constdata          memp.o
    0x080149d4   0x080149d4   0x0000000c   Data   RO         6920    .constdata          memp.o
    0x080149e0   0x080149e0   0x0000000c   Data   RO         6921    .constdata          memp.o
    0x080149ec   0x080149ec   0x0000000c   Data   RO         6922    .constdata          memp.o
    0x080149f8   0x080149f8   0x0000000c   Data   RO         6923    .constdata          memp.o
    0x08014a04   0x08014a04   0x0000000c   Data   RO         6924    .constdata          memp.o
    0x08014a10   0x08014a10   0x0000000c   Data   RO         6925    .constdata          memp.o
    0x08014a1c   0x08014a1c   0x0000000c   Data   RO         6926    .constdata          memp.o
    0x08014a28   0x08014a28   0x0000000c   Data   RO         6927    .constdata          memp.o
    0x08014a34   0x08014a34   0x0000000c   Data   RO         6928    .constdata          memp.o
    0x08014a40   0x08014a40   0x0000000c   Data   RO         6929    .constdata          memp.o
    0x08014a4c   0x08014a4c   0x0000000c   Data   RO         6930    .constdata          memp.o
    0x08014a58   0x08014a58   0x0000000c   Data   RO         6931    .constdata          memp.o
    0x08014a64   0x08014a64   0x0000000c   Data   RO         6932    .constdata          memp.o
    0x08014a70   0x08014a70   0x0000000c   Data   RO         6933    .constdata          memp.o
    0x08014a7c   0x08014a7c   0x0000003c   Data   RO         6934    .constdata          memp.o
    0x08014ab8   0x08014ab8   0x00000054   Data   RO         7541    .constdata          tcp.o
    0x08014b0c   0x08014b0c   0x00000028   Data   RO         8047    .constdata          timeouts.o
    0x08014b34   0x08014b34   0x00000004   Data   RO         8650    .constdata          ip4_addr.o
    0x08014b38   0x08014b38   0x00000004   Data   RO         8651    .constdata          ip4_addr.o
    0x08014b3c   0x08014b3c   0x00000006   Data   RO         8785    .constdata          ethernet.o
    0x08014b42   0x08014b42   0x00000006   Data   RO         8786    .constdata          ethernet.o
    0x08014b48   0x08014b48   0x000000dc   Data   RO        10239    .constdata          cm_backtrace.o
    0x08014c24   0x08014c24   0x00000081   Data   RO        10308    .constdata          mc_w.l(ctype_o.o)
    0x08014ca5   0x08014ca5   0x00000003   PAD
    0x08014ca8   0x08014ca8   0x00000004   Data   RO        10309    .constdata          mc_w.l(ctype_o.o)
    0x08014cac   0x08014cac   0x0000009e   Data   RO         3595    .conststring        main.o
    0x08014d4a   0x08014d4a   0x00000002   PAD
    0x08014d4c   0x08014d4c   0x00000075   Data   RO         7542    .conststring        tcp.o
    0x08014dc1   0x08014dc1   0x00000003   PAD
    0x08014dc4   0x08014dc4   0x00000055   Data   RO         7901    .conststring        tcp_out.o
    0x08014e19   0x08014e19   0x00000003   PAD
    0x08014e1c   0x08014e1c   0x00000041   Data   RO         8305    .conststring        etharp.o
    0x08014e5d   0x08014e5d   0x00000003   PAD
    0x08014e60   0x08014e60   0x00000041   Data   RO         8458    .conststring        igmp.o
    0x08014ea1   0x08014ea1   0x00000003   PAD
    0x08014ea4   0x08014ea4   0x00000815   Data   RO        10240    .conststring        cm_backtrace.o
    0x080156b9   0x080156b9   0x00000003   PAD
    0x080156bc   0x080156bc   0x00000020   Data   RO        10741    Region$$Table       anon$$obj.o


    Execution Region RW_IRAM1 (Exec base: 0x20000000, Load base: 0x080156dc, Size: 0x00028ac0, Max: 0x00030000, ABSOLUTE, COMPRESSED[0x00000024])

    Exec Addr    Load Addr    Size         Type   Attr      Idx    E Section Name        Object

    0x20000000   COMPRESSED   0x00000004   Data   RW           17    .data               system_stm32f4xx.o
    0x20000004   COMPRESSED   0x0000000c   Data   RW         2814    .data               stm32f4xx_hal.o
    0x20000010   COMPRESSED   0x00000010   Data   RW         3596    .data               main.o
    0x20000020   COMPRESSED   0x0000000c   Data   RW         4050    .data               mqttclient.o
    0x2000002c   COMPRESSED   0x0000003c   Data   RW         4783    .data               tasks.o
    0x20000068   COMPRESSED   0x00000018   Data   RW         5077    .data               heap_4.o
    0x20000080   COMPRESSED   0x0000000c   Data   RW         5140    .data               port.o
    0x2000008c   COMPRESSED   0x00000004   Data   RW         6019    .data               sockets.o
    0x20000090   COMPRESSED   0x00000010   Data   RW         6305    .data               tcpip.o
    0x200000a0   COMPRESSED   0x0000000c   Data   RW         6562    .data               dns.o
    0x200000ac   COMPRESSED   0x00000010   Data   RW         6838    .data               mem.o
    0x200000bc   COMPRESSED   0x00000004   Data   RW         6935    .data               memp.o
    0x200000c0   COMPRESSED   0x00000004   Data   RW         6936    .data               memp.o
    0x200000c4   COMPRESSED   0x00000004   Data   RW         6937    .data               memp.o
    0x200000c8   COMPRESSED   0x00000004   Data   RW         6938    .data               memp.o
    0x200000cc   COMPRESSED   0x00000004   Data   RW         6939    .data               memp.o
    0x200000d0   COMPRESSED   0x00000004   Data   RW         6940    .data               memp.o
    0x200000d4   COMPRESSED   0x00000004   Data   RW         6941    .data               memp.o
    0x200000d8   COMPRESSED   0x00000004   Data   RW         6942    .data               memp.o
    0x200000dc   COMPRESSED   0x00000004   Data   RW         6943    .data               memp.o
    0x200000e0   COMPRESSED   0x00000004   Data   RW         6944    .data               memp.o
    0x200000e4   COMPRESSED   0x00000004   Data   RW         6945    .data               memp.o
    0x200000e8   COMPRESSED   0x00000004   Data   RW         6946    .data               memp.o
    0x200000ec   COMPRESSED   0x00000004   Data   RW         6947    .data               memp.o
    0x200000f0   COMPRESSED   0x00000004   Data   RW         6948    .data               memp.o
    0x200000f4   COMPRESSED   0x00000004   Data   RW         6949    .data               memp.o
    0x200000f8   COMPRESSED   0x0000000c   Data   RW         7066    .data               netif.o
    0x20000104   COMPRESSED   0x00000020   Data   RW         7543    .data               tcp.o
    0x20000124   COMPRESSED   0x00000024   Data   RW         7804    .data               tcp_in.o
    0x20000148   COMPRESSED   0x0000000c   Data   RW         8049    .data               timeouts.o
    0x20000154   COMPRESSED   0x00000008   Data   RW         8145    .data               udp.o
    0x2000015c   COMPRESSED   0x00000001   Data   RW         8306    .data               etharp.o
    0x2000015d   COMPRESSED   0x00000003   PAD
    0x20000160   COMPRESSED   0x00000008   Data   RW         8459    .data               igmp.o
    0x20000168   COMPRESSED   0x00000008   Data   RW         8565    .data               ip4.o
    0x20000170   COMPRESSED   0x00000008   Data   RW         8721    .data               ip4_frag.o
    0x20000178   COMPRESSED   0x00000010   Data   RW         8952    .data               ethernetif.o
    0x20000188   COMPRESSED   0x00000014   Data   RW         9038    .data               sys_arch.o
    0x2000019c   COMPRESSED   0x00000004   Data   RW         9039    .data               sys_arch.o
    0x200001a0   COMPRESSED   0x00000004   Data   RW         9367    .data               mqttpacket.o
    0x200001a4   COMPRESSED   0x00000004   Data   RW         9591    .data               transport.o
    0x200001a8   COMPRESSED   0x00000014   Data   RW         9736    .data               cjson.o
    0x200001bc   COMPRESSED   0x00000018   Data   RW        10241    .data               cm_backtrace.o
    0x200001d4   COMPRESSED   0x00000004   Data   RW        10338    .data               mc_w.l(rand.o)
    0x200001d8   COMPRESSED   0x00000004   Data   RW        10687    .data               mc_w.l(stdout.o)
    0x200001dc   COMPRESSED   0x00000004   PAD
    0x200001e0        -       0x00000018   Zero   RW         3594    .bss                main.o
    0x200001f8        -       0x00000040   Zero   RW         3781    .bss                bsp_debug_usart.o
    0x20000238        -       0x00006188   Zero   RW         3973    .bss                bsp_eth.o
    0x200063c0        -       0x00000234   Zero   RW         4048    .bss                mqttclient.o
    0x200065f4        -       0x00000050   Zero   RW         4589    .bss                queue.o
    0x20006644        -       0x000002e4   Zero   RW         4782    .bss                tasks.o
    0x20006928        -       0x00009000   Zero   RW         5076    .bss                heap_4.o
    0x2000f928        -       0x00000070   Zero   RW         6018    .bss                sockets.o
    0x2000f998        -       0x00000480   Zero   RW         6560    .bss                dns.o
    0x2000fe18        -       0x00000018   Zero   RW         6805    .bss                ip.o
    0x2000fe30        -       0x00006413   Zero   RW         6837    .bss                mem.o
    0x20016243        -       0x000000a3   Zero   RW         6904    .bss                memp.o
    0x200162e6        -       0x00000393   Zero   RW         6905    .bss                memp.o
    0x20016679        -       0x000000ab   Zero   RW         6906    .bss                memp.o
    0x20016724        -       0x00000783   Zero   RW         6907    .bss                memp.o
    0x20016ea7        -       0x000000a3   Zero   RW         6908    .bss                memp.o
    0x20016f4a        -       0x0000016b   Zero   RW         6909    .bss                memp.o
    0x200170b5        -       0x00000023   Zero   RW         6910    .bss                memp.o
    0x200170d8        -       0x000000b3   Zero   RW         6911    .bss                memp.o
    0x2001718b        -       0x00000083   Zero   RW         6912    .bss                memp.o
    0x2001720e        -       0x00000083   Zero   RW         6913    .bss                memp.o
    0x20017291        -       0x00000083   Zero   RW         6914    .bss                memp.o
    0x20017314        -       0x000000f3   Zero   RW         6915    .bss                memp.o
    0x20017407        -       0x00000137   Zero   RW         6916    .bss                memp.o
    0x2001753e        -       0x00000193   Zero   RW         6917    .bss                memp.o
    0x200176d1        -       0x00010d4f   Zero   RW         6918    .bss                memp.o
    0x20028420        -       0x00000010   Zero   RW         7803    .bss                tcp_in.o
    0x20028430        -       0x000000f0   Zero   RW         8304    .bss                etharp.o
    0x20028520        -       0x00000010   Zero   RW         8649    .bss                ip4_addr.o
    0x20028530        -       0x00000058   Zero   RW         9037    .bss                sys_arch.o
    0x20028588        -       0x00000134   Zero   RW        10238    .bss                cm_backtrace.o
    0x200286bc   COMPRESSED   0x00000004   PAD
    0x200286c0        -       0x00000400   Zero   RW            1    STACK               startup_stm32f429xx.o


==============================================================================

Image component sizes


      Code (inc. data)   RO Data    RW Data    ZI Data      Debug   Object Name

      2164        854          0          0          0      51549   api_lib.o
      5032       1506          3          0          0      36891   api_msg.o
       444        104          0          0          0       6743   board.o
       196         22          0          0         64       2558   bsp_debug_usart.o
       524         32          0          0          0       4282   bsp_dht11.o
       680        172          0          0      24968       5556   bsp_eth.o
       168         12          0          0          0       1070   bsp_led.o
      3978        172          0         20          0      33715   cjson.o
       392        138          0          0          0       4748   cjson_process.o
      1892        412       2289         24        308       9560   cm_backtrace.o
        12          0          0          0          0        468   cmb_fault.o
        84         14          0          0          0       1862   core_delay.o
        58          0          0          0          0       1922   def.o
      2172        186          0         12       1152      22241   dns.o
        28          4         68          0          0       8118   err.o
      2124        512         65          1        240      12583   etharp.o
       308         58         12          0          0       2646   ethernet.o
       888        122          0         16          0       5488   ethernetif.o
         0          0          0          0          0       1536   event_groups.o
       576        130          0         24      36864       4223   heap_4.o
       568        158          0          0          0       4282   icmp.o
      1902        772         65          8          0      13497   igmp.o
       172          0          0          0          0       3345   inet_chksum.o
        42          0          0          0          0       1600   init.o
         0          0          0          0         24       3162   ip.o
      1032         96          0          8          0       7432   ip4.o
       492         24          8          0         16      14107   ip4_addr.o
      2084        462          0          8          0      11902   ip4_frag.o
       136          0          0          0          0       3386   list.o
      1104        726        158         16         24      21444   main.o
      1600        602          0         16      25619       7545   mem.o
       358        148        240         60      74205      11118   memp.o
      3072       1060         88         12        564      44250   mqttclient.o
       546         18          0          0          0       4857   mqttconnectclient.o
       212          0          0          0          0       2452   mqttdeserializepublish.o
       496         20          0          4          0      10194   mqttpacket.o
       278          0          0          0          0       5484   mqttserializepublish.o
       308          0          0          0          0       3563   mqttsubscribeclient.o
       190         54          0          0          0      11179   netbuf.o
       898        274          0         12          0      14232   netif.o
         0          0          0          0          0       2072   netifapi.o
      2638        980          0          0          0      20568   pbuf.o
      1018        362          0         12          0      10965   port.o
      1846        350          0          0         80      14303   queue.o
      3876        554          0          4        112      47562   sockets.o
        36          8        428          0       1024        984   startup_stm32f429xx.o
       182         28          0         12          0       5335   stm32f4xx_hal.o
       568        270          0          0          0      31469   stm32f4xx_hal_cortex.o
      2334        254          0          0          0      13253   stm32f4xx_hal_eth.o
      1476        376          0          0          0       4681   stm32f4xx_hal_gpio.o
       112         12          0          0          0       1372   stm32f4xx_hal_pwr_ex.o
      1880        200          0          0          0       6200   stm32f4xx_hal_rcc.o
      1468        166          0          0          0       4404   stm32f4xx_hal_uart.o
        52          0          0          0          0      11139   stm32f4xx_it.o
       834        196          0         24         88      15117   sys_arch.o
        84         18         24          4          0     751919   system_stm32f4xx.o
      2486        624          0         60        740      28919   tasks.o
      5020       1652        201         32          0      38595   tcp.o
      4760       1050          0         36         16      20803   tcp_in.o
      5944       1946         85          0          0      34338   tcp_out.o
       572        194          0         16          0      10233   tcpip.o
       556        188         40         12          0       7219   timeouts.o
       164         22          0          4          0      10800   transport.o
      2188        830          0          8          0      14628   udp.o

    ----------------------------------------------------------------------
     77396      19144       3824        468     166112    1523668   Object Totals
         0          0         32          0          0          0   (incl. Generated)
        92          0         18          3          4          0   (incl. Padding)

    ----------------------------------------------------------------------

      Code (inc. data)   RO Data    RW Data    ZI Data      Debug   Library Member Name

        40         10          0          0          0        128   strtod.o
        56          8          0          0          0         84   __0sscanf.o
        58          0          0          0          0          0   __dczerorl.o
       812          4          0          0          0        112   _scanf.o
        64          0          0          0          0         84   _sgetc.o
         8          4        133          0          0         68   ctype_o.o
         0          0          0          0          0          0   entry.o
         0          0          0          0          0          0   entry10a.o
         0          0          0          0          0          0   entry11a.o
         8          4          0          0          0          0   entry2.o
         4          0          0          0          0          0   entry5.o
         0          0          0          0          0          0   entry7b.o
         0          0          0          0          0          0   entry8b.o
         8          4          0          0          0          0   entry9a.o
        30          0          0          0          0          0   handlers.o
        36          8          0          0          0         68   init.o
        18          0          0          0          0         76   isspace_o.o
         0          0          0          0          0          0   iusefp.o
        30          0          0          0          0         68   llshl.o
        36          0          0          0          0         68   llsshr.o
        32          0          0          0          0         68   llushr.o
        26          0          0          0          0         80   memcmp.o
        64          0          0          0          0         76   memmovea.o
        36          0          0          0          0        108   memseta.o
      2308         96          0          0          0        604   printfa.o
        36         10          0          4          0        136   rand.o
        40          8          0          0          0         84   scanf_char.o
       838         12          0          0          0        216   scanf_fp.o
         0          0          0          4          0          0   stdout.o
        28          0          0          0          0         76   strcmp.o
        18          0          0          0          0         68   strcpy.o
        14          0          0          0          0         68   strlen.o
        30          0          0          0          0         80   strncmp.o
        24          0          0          0          0         76   strncpy.o
       156         12          0          0          0        120   strtod.o
        12          0          0          0          0         68   tolower.o
        44          0          0          0          0         80   uidiv.o
        98          0          0          0          0         92   uldiv.o
        48          0          0          0          0         68   cdcmple.o
        48          0          0          0          0         68   cdrcmple.o
        56          0          0          0          0         88   d2f.o
       334          0          0          0          0        148   dadd.o
       222          0          0          0          0        100   ddiv.o
       186          0          0          0          0        176   depilogue.o
        62          0          0          0          0         80   dfixi.o
        48          0          0          0          0         68   dfixul.o
        26          0          0          0          0         76   dfltui.o
        24          0          0          0          0         76   dfltul.o
       228          0          0          0          0         96   dmul.o
       110          0          0          0          0        168   fepilogue.o

    ----------------------------------------------------------------------
      6416        180        136          8          4       4068   Library Totals
        12          0          3          0          4          0   (incl. Padding)

    ----------------------------------------------------------------------

      Code (inc. data)   RO Data    RW Data    ZI Data      Debug   Library Name

        40         10          0          0          0        128   m_wm.l
      4972        170        133          8          0       2728   mc_w.l
      1392          0          0          0          0       1212   mf_w.l

    ----------------------------------------------------------------------
      6416        180        136          8          4       4068   Library Totals

    ----------------------------------------------------------------------

==============================================================================


      Code (inc. data)   RO Data    RW Data    ZI Data      Debug   

     83812      19324       3960        476     166116    1471688   Grand Totals
     83812      19324       3960         36     166116    1471688   ELF Image Totals (compressed)
     83812      19324       3960         36          0          0   ROM Totals

==============================================================================

    Total RO  Size (Code + RO Data)                87772 (  85.71kB)
    Total RW  Size (RW Data + ZI Data)            166592 ( 162.69kB)
    Total ROM Size (Code + RO Data + RW Data)      87808 (  85.75kB)

==============================================================================

